ARM GAS  C:\Users\Lenovo\AppData\Local\Temp\ccAc36fY.s 			page 1


   1              		.cpu cortex-m4
   2              		.arch armv7e-m
   3              		.fpu fpv4-sp-d16
   4              		.eabi_attribute 27, 1
   5              		.eabi_attribute 28, 1
   6              		.eabi_attribute 20, 1
   7              		.eabi_attribute 21, 1
   8              		.eabi_attribute 23, 3
   9              		.eabi_attribute 24, 1
  10              		.eabi_attribute 25, 1
  11              		.eabi_attribute 26, 1
  12              		.eabi_attribute 30, 1
  13              		.eabi_attribute 34, 1
  14              		.eabi_attribute 18, 4
  15              		.file	"can.c"
  16              		.text
  17              	.Ltext0:
  18              		.cfi_sections	.debug_frame
  19              		.file 1 "Core/Src/can.c"
  20              		.section	.text.MX_CAN1_Init,"ax",%progbits
  21              		.align	1
  22              		.global	MX_CAN1_Init
  23              		.syntax unified
  24              		.thumb
  25              		.thumb_func
  27              	MX_CAN1_Init:
  28              	.LFB134:
   1:Core/Src/can.c **** /* USER CODE BEGIN Header */
   2:Core/Src/can.c **** /**
   3:Core/Src/can.c ****   ******************************************************************************
   4:Core/Src/can.c ****   * @file    can.c
   5:Core/Src/can.c ****   * @brief   This file provides code for the configuration
   6:Core/Src/can.c ****   *          of the CAN instances.
   7:Core/Src/can.c ****   ******************************************************************************
   8:Core/Src/can.c ****   * @attention
   9:Core/Src/can.c ****   *
  10:Core/Src/can.c ****   * Copyright (c) 2026 STMicroelectronics.
  11:Core/Src/can.c ****   * All rights reserved.
  12:Core/Src/can.c ****   *
  13:Core/Src/can.c ****   * This software is licensed under terms that can be found in the LICENSE file
  14:Core/Src/can.c ****   * in the root directory of this software component.
  15:Core/Src/can.c ****   * If no LICENSE file comes with this software, it is provided AS-IS.
  16:Core/Src/can.c ****   *
  17:Core/Src/can.c ****   ******************************************************************************
  18:Core/Src/can.c ****   */
  19:Core/Src/can.c **** /* USER CODE END Header */
  20:Core/Src/can.c **** /* Includes ------------------------------------------------------------------*/
  21:Core/Src/can.c **** #include "can.h"
  22:Core/Src/can.c **** 
  23:Core/Src/can.c **** /* USER CODE BEGIN 0 */
  24:Core/Src/can.c **** 
  25:Core/Src/can.c **** /* USER CODE END 0 */
  26:Core/Src/can.c **** 
  27:Core/Src/can.c **** CAN_HandleTypeDef hcan1;
  28:Core/Src/can.c **** 
  29:Core/Src/can.c **** /* CAN1 init function */
  30:Core/Src/can.c **** void MX_CAN1_Init(void)
ARM GAS  C:\Users\Lenovo\AppData\Local\Temp\ccAc36fY.s 			page 2


  31:Core/Src/can.c **** {
  29              		.loc 1 31 1 view -0
  30              		.cfi_startproc
  31              		@ args = 0, pretend = 0, frame = 0
  32              		@ frame_needed = 0, uses_anonymous_args = 0
  33 0000 08B5     		push	{r3, lr}
  34              	.LCFI0:
  35              		.cfi_def_cfa_offset 8
  36              		.cfi_offset 3, -8
  37              		.cfi_offset 14, -4
  32:Core/Src/can.c **** 
  33:Core/Src/can.c ****   /* USER CODE BEGIN CAN1_Init 0 */
  34:Core/Src/can.c **** 
  35:Core/Src/can.c ****   /* USER CODE END CAN1_Init 0 */
  36:Core/Src/can.c **** 
  37:Core/Src/can.c ****   /* USER CODE BEGIN CAN1_Init 1 */
  38:Core/Src/can.c **** 
  39:Core/Src/can.c ****   /* USER CODE END CAN1_Init 1 */
  40:Core/Src/can.c ****   hcan1.Instance = CAN1;
  38              		.loc 1 40 3 view .LVU1
  39              		.loc 1 40 18 is_stmt 0 view .LVU2
  40 0002 0E48     		ldr	r0, .L5
  41 0004 0E4B     		ldr	r3, .L5+4
  42 0006 0360     		str	r3, [r0]
  41:Core/Src/can.c ****   hcan1.Init.Prescaler = 6;
  43              		.loc 1 41 3 is_stmt 1 view .LVU3
  44              		.loc 1 41 24 is_stmt 0 view .LVU4
  45 0008 0623     		movs	r3, #6
  46 000a 4360     		str	r3, [r0, #4]
  42:Core/Src/can.c ****   hcan1.Init.Mode = CAN_MODE_NORMAL;
  47              		.loc 1 42 3 is_stmt 1 view .LVU5
  48              		.loc 1 42 19 is_stmt 0 view .LVU6
  49 000c 0023     		movs	r3, #0
  50 000e 8360     		str	r3, [r0, #8]
  43:Core/Src/can.c ****   hcan1.Init.SyncJumpWidth = CAN_SJW_1TQ;
  51              		.loc 1 43 3 is_stmt 1 view .LVU7
  52              		.loc 1 43 28 is_stmt 0 view .LVU8
  53 0010 C360     		str	r3, [r0, #12]
  44:Core/Src/can.c ****   hcan1.Init.TimeSeg1 = CAN_BS1_10TQ;
  54              		.loc 1 44 3 is_stmt 1 view .LVU9
  55              		.loc 1 44 23 is_stmt 0 view .LVU10
  56 0012 4FF41022 		mov	r2, #589824
  57 0016 0261     		str	r2, [r0, #16]
  45:Core/Src/can.c ****   hcan1.Init.TimeSeg2 = CAN_BS2_3TQ;
  58              		.loc 1 45 3 is_stmt 1 view .LVU11
  59              		.loc 1 45 23 is_stmt 0 view .LVU12
  60 0018 4FF40012 		mov	r2, #2097152
  61 001c 4261     		str	r2, [r0, #20]
  46:Core/Src/can.c ****   hcan1.Init.TimeTriggeredMode = DISABLE;
  62              		.loc 1 46 3 is_stmt 1 view .LVU13
  63              		.loc 1 46 32 is_stmt 0 view .LVU14
  64 001e 0376     		strb	r3, [r0, #24]
  47:Core/Src/can.c ****   hcan1.Init.AutoBusOff = ENABLE;
  65              		.loc 1 47 3 is_stmt 1 view .LVU15
  66              		.loc 1 47 25 is_stmt 0 view .LVU16
  67 0020 0122     		movs	r2, #1
  68 0022 4276     		strb	r2, [r0, #25]
ARM GAS  C:\Users\Lenovo\AppData\Local\Temp\ccAc36fY.s 			page 3


  48:Core/Src/can.c ****   hcan1.Init.AutoWakeUp = DISABLE;
  69              		.loc 1 48 3 is_stmt 1 view .LVU17
  70              		.loc 1 48 25 is_stmt 0 view .LVU18
  71 0024 8376     		strb	r3, [r0, #26]
  49:Core/Src/can.c ****   hcan1.Init.AutoRetransmission = ENABLE;
  72              		.loc 1 49 3 is_stmt 1 view .LVU19
  73              		.loc 1 49 33 is_stmt 0 view .LVU20
  74 0026 C276     		strb	r2, [r0, #27]
  50:Core/Src/can.c ****   hcan1.Init.ReceiveFifoLocked = DISABLE;
  75              		.loc 1 50 3 is_stmt 1 view .LVU21
  76              		.loc 1 50 32 is_stmt 0 view .LVU22
  77 0028 0377     		strb	r3, [r0, #28]
  51:Core/Src/can.c ****   hcan1.Init.TransmitFifoPriority = DISABLE;
  78              		.loc 1 51 3 is_stmt 1 view .LVU23
  79              		.loc 1 51 35 is_stmt 0 view .LVU24
  80 002a 4377     		strb	r3, [r0, #29]
  52:Core/Src/can.c ****   if (HAL_CAN_Init(&hcan1) != HAL_OK)
  81              		.loc 1 52 3 is_stmt 1 view .LVU25
  82              		.loc 1 52 7 is_stmt 0 view .LVU26
  83 002c FFF7FEFF 		bl	HAL_CAN_Init
  84              	.LVL0:
  85              		.loc 1 52 6 discriminator 1 view .LVU27
  86 0030 00B9     		cbnz	r0, .L4
  87              	.L1:
  53:Core/Src/can.c ****   {
  54:Core/Src/can.c ****     Error_Handler();
  55:Core/Src/can.c ****   }
  56:Core/Src/can.c ****   /* USER CODE BEGIN CAN1_Init 2 */
  57:Core/Src/can.c **** 
  58:Core/Src/can.c ****   /* USER CODE END CAN1_Init 2 */
  59:Core/Src/can.c **** 
  60:Core/Src/can.c **** }
  88              		.loc 1 60 1 view .LVU28
  89 0032 08BD     		pop	{r3, pc}
  90              	.L4:
  54:Core/Src/can.c ****   }
  91              		.loc 1 54 5 is_stmt 1 view .LVU29
  92 0034 FFF7FEFF 		bl	Error_Handler
  93              	.LVL1:
  94              		.loc 1 60 1 is_stmt 0 view .LVU30
  95 0038 FBE7     		b	.L1
  96              	.L6:
  97 003a 00BF     		.align	2
  98              	.L5:
  99 003c 00000000 		.word	hcan1
 100 0040 00640040 		.word	1073767424
 101              		.cfi_endproc
 102              	.LFE134:
 104              		.section	.text.HAL_CAN_MspInit,"ax",%progbits
 105              		.align	1
 106              		.global	HAL_CAN_MspInit
 107              		.syntax unified
 108              		.thumb
 109              		.thumb_func
 111              	HAL_CAN_MspInit:
 112              	.LVL2:
 113              	.LFB135:
ARM GAS  C:\Users\Lenovo\AppData\Local\Temp\ccAc36fY.s 			page 4


  61:Core/Src/can.c **** 
  62:Core/Src/can.c **** void HAL_CAN_MspInit(CAN_HandleTypeDef* canHandle)
  63:Core/Src/can.c **** {
 114              		.loc 1 63 1 is_stmt 1 view -0
 115              		.cfi_startproc
 116              		@ args = 0, pretend = 0, frame = 32
 117              		@ frame_needed = 0, uses_anonymous_args = 0
 118              		.loc 1 63 1 is_stmt 0 view .LVU32
 119 0000 10B5     		push	{r4, lr}
 120              	.LCFI1:
 121              		.cfi_def_cfa_offset 8
 122              		.cfi_offset 4, -8
 123              		.cfi_offset 14, -4
 124 0002 88B0     		sub	sp, sp, #32
 125              	.LCFI2:
 126              		.cfi_def_cfa_offset 40
  64:Core/Src/can.c **** 
  65:Core/Src/can.c ****   GPIO_InitTypeDef GPIO_InitStruct = {0};
 127              		.loc 1 65 3 is_stmt 1 view .LVU33
 128              		.loc 1 65 20 is_stmt 0 view .LVU34
 129 0004 0023     		movs	r3, #0
 130 0006 0393     		str	r3, [sp, #12]
 131 0008 0493     		str	r3, [sp, #16]
 132 000a 0593     		str	r3, [sp, #20]
 133 000c 0693     		str	r3, [sp, #24]
 134 000e 0793     		str	r3, [sp, #28]
  66:Core/Src/can.c ****   if(canHandle->Instance==CAN1)
 135              		.loc 1 66 3 is_stmt 1 view .LVU35
 136              		.loc 1 66 15 is_stmt 0 view .LVU36
 137 0010 0268     		ldr	r2, [r0]
 138              		.loc 1 66 5 view .LVU37
 139 0012 194B     		ldr	r3, .L11
 140 0014 9A42     		cmp	r2, r3
 141 0016 01D0     		beq	.L10
 142              	.LVL3:
 143              	.L7:
  67:Core/Src/can.c ****   {
  68:Core/Src/can.c ****   /* USER CODE BEGIN CAN1_MspInit 0 */
  69:Core/Src/can.c **** 
  70:Core/Src/can.c ****   /* USER CODE END CAN1_MspInit 0 */
  71:Core/Src/can.c ****     /* CAN1 clock enable */
  72:Core/Src/can.c ****     __HAL_RCC_CAN1_CLK_ENABLE();
  73:Core/Src/can.c **** 
  74:Core/Src/can.c ****     __HAL_RCC_GPIOA_CLK_ENABLE();
  75:Core/Src/can.c ****     /**CAN1 GPIO Configuration
  76:Core/Src/can.c ****     PA11     ------> CAN1_RX
  77:Core/Src/can.c ****     PA12     ------> CAN1_TX
  78:Core/Src/can.c ****     */
  79:Core/Src/can.c ****     GPIO_InitStruct.Pin = GPIO_PIN_11|GPIO_PIN_12;
  80:Core/Src/can.c ****     GPIO_InitStruct.Mode = GPIO_MODE_AF_PP;
  81:Core/Src/can.c ****     GPIO_InitStruct.Pull = GPIO_NOPULL;
  82:Core/Src/can.c ****     GPIO_InitStruct.Speed = GPIO_SPEED_FREQ_VERY_HIGH;
  83:Core/Src/can.c ****     GPIO_InitStruct.Alternate = GPIO_AF9_CAN1;
  84:Core/Src/can.c ****     HAL_GPIO_Init(GPIOA, &GPIO_InitStruct);
  85:Core/Src/can.c **** 
  86:Core/Src/can.c ****     /* CAN1 interrupt Init */
  87:Core/Src/can.c ****     HAL_NVIC_SetPriority(CAN1_RX0_IRQn, 0, 0);
ARM GAS  C:\Users\Lenovo\AppData\Local\Temp\ccAc36fY.s 			page 5


  88:Core/Src/can.c ****     HAL_NVIC_EnableIRQ(CAN1_RX0_IRQn);
  89:Core/Src/can.c ****   /* USER CODE BEGIN CAN1_MspInit 1 */
  90:Core/Src/can.c **** 
  91:Core/Src/can.c ****   /* USER CODE END CAN1_MspInit 1 */
  92:Core/Src/can.c ****   }
  93:Core/Src/can.c **** }
 144              		.loc 1 93 1 view .LVU38
 145 0018 08B0     		add	sp, sp, #32
 146              	.LCFI3:
 147              		.cfi_remember_state
 148              		.cfi_def_cfa_offset 8
 149              		@ sp needed
 150 001a 10BD     		pop	{r4, pc}
 151              	.LVL4:
 152              	.L10:
 153              	.LCFI4:
 154              		.cfi_restore_state
  72:Core/Src/can.c **** 
 155              		.loc 1 72 5 is_stmt 1 view .LVU39
 156              	.LBB2:
  72:Core/Src/can.c **** 
 157              		.loc 1 72 5 view .LVU40
 158 001c 0024     		movs	r4, #0
 159 001e 0194     		str	r4, [sp, #4]
  72:Core/Src/can.c **** 
 160              		.loc 1 72 5 view .LVU41
 161 0020 03F5EA33 		add	r3, r3, #119808
 162 0024 1A6C     		ldr	r2, [r3, #64]
 163 0026 42F00072 		orr	r2, r2, #33554432
 164 002a 1A64     		str	r2, [r3, #64]
  72:Core/Src/can.c **** 
 165              		.loc 1 72 5 view .LVU42
 166 002c 1A6C     		ldr	r2, [r3, #64]
 167 002e 02F00072 		and	r2, r2, #33554432
 168 0032 0192     		str	r2, [sp, #4]
  72:Core/Src/can.c **** 
 169              		.loc 1 72 5 view .LVU43
 170 0034 019A     		ldr	r2, [sp, #4]
 171              	.LBE2:
  72:Core/Src/can.c **** 
 172              		.loc 1 72 5 view .LVU44
  74:Core/Src/can.c ****     /**CAN1 GPIO Configuration
 173              		.loc 1 74 5 view .LVU45
 174              	.LBB3:
  74:Core/Src/can.c ****     /**CAN1 GPIO Configuration
 175              		.loc 1 74 5 view .LVU46
 176 0036 0294     		str	r4, [sp, #8]
  74:Core/Src/can.c ****     /**CAN1 GPIO Configuration
 177              		.loc 1 74 5 view .LVU47
 178 0038 1A6B     		ldr	r2, [r3, #48]
 179 003a 42F00102 		orr	r2, r2, #1
 180 003e 1A63     		str	r2, [r3, #48]
  74:Core/Src/can.c ****     /**CAN1 GPIO Configuration
 181              		.loc 1 74 5 view .LVU48
 182 0040 1B6B     		ldr	r3, [r3, #48]
 183 0042 03F00103 		and	r3, r3, #1
 184 0046 0293     		str	r3, [sp, #8]
ARM GAS  C:\Users\Lenovo\AppData\Local\Temp\ccAc36fY.s 			page 6


  74:Core/Src/can.c ****     /**CAN1 GPIO Configuration
 185              		.loc 1 74 5 view .LVU49
 186 0048 029B     		ldr	r3, [sp, #8]
 187              	.LBE3:
  74:Core/Src/can.c ****     /**CAN1 GPIO Configuration
 188              		.loc 1 74 5 view .LVU50
  79:Core/Src/can.c ****     GPIO_InitStruct.Mode = GPIO_MODE_AF_PP;
 189              		.loc 1 79 5 view .LVU51
  79:Core/Src/can.c ****     GPIO_InitStruct.Mode = GPIO_MODE_AF_PP;
 190              		.loc 1 79 25 is_stmt 0 view .LVU52
 191 004a 4FF4C053 		mov	r3, #6144
 192 004e 0393     		str	r3, [sp, #12]
  80:Core/Src/can.c ****     GPIO_InitStruct.Pull = GPIO_NOPULL;
 193              		.loc 1 80 5 is_stmt 1 view .LVU53
  80:Core/Src/can.c ****     GPIO_InitStruct.Pull = GPIO_NOPULL;
 194              		.loc 1 80 26 is_stmt 0 view .LVU54
 195 0050 0223     		movs	r3, #2
 196 0052 0493     		str	r3, [sp, #16]
  81:Core/Src/can.c ****     GPIO_InitStruct.Speed = GPIO_SPEED_FREQ_VERY_HIGH;
 197              		.loc 1 81 5 is_stmt 1 view .LVU55
  82:Core/Src/can.c ****     GPIO_InitStruct.Alternate = GPIO_AF9_CAN1;
 198              		.loc 1 82 5 view .LVU56
  82:Core/Src/can.c ****     GPIO_InitStruct.Alternate = GPIO_AF9_CAN1;
 199              		.loc 1 82 27 is_stmt 0 view .LVU57
 200 0054 0323     		movs	r3, #3
 201 0056 0693     		str	r3, [sp, #24]
  83:Core/Src/can.c ****     HAL_GPIO_Init(GPIOA, &GPIO_InitStruct);
 202              		.loc 1 83 5 is_stmt 1 view .LVU58
  83:Core/Src/can.c ****     HAL_GPIO_Init(GPIOA, &GPIO_InitStruct);
 203              		.loc 1 83 31 is_stmt 0 view .LVU59
 204 0058 0923     		movs	r3, #9
 205 005a 0793     		str	r3, [sp, #28]
  84:Core/Src/can.c **** 
 206              		.loc 1 84 5 is_stmt 1 view .LVU60
 207 005c 03A9     		add	r1, sp, #12
 208 005e 0748     		ldr	r0, .L11+4
 209              	.LVL5:
  84:Core/Src/can.c **** 
 210              		.loc 1 84 5 is_stmt 0 view .LVU61
 211 0060 FFF7FEFF 		bl	HAL_GPIO_Init
 212              	.LVL6:
  87:Core/Src/can.c ****     HAL_NVIC_EnableIRQ(CAN1_RX0_IRQn);
 213              		.loc 1 87 5 is_stmt 1 view .LVU62
 214 0064 2246     		mov	r2, r4
 215 0066 2146     		mov	r1, r4
 216 0068 1420     		movs	r0, #20
 217 006a FFF7FEFF 		bl	HAL_NVIC_SetPriority
 218              	.LVL7:
  88:Core/Src/can.c ****   /* USER CODE BEGIN CAN1_MspInit 1 */
 219              		.loc 1 88 5 view .LVU63
 220 006e 1420     		movs	r0, #20
 221 0070 FFF7FEFF 		bl	HAL_NVIC_EnableIRQ
 222              	.LVL8:
 223              		.loc 1 93 1 is_stmt 0 view .LVU64
 224 0074 D0E7     		b	.L7
 225              	.L12:
 226 0076 00BF     		.align	2
ARM GAS  C:\Users\Lenovo\AppData\Local\Temp\ccAc36fY.s 			page 7


 227              	.L11:
 228 0078 00640040 		.word	1073767424
 229 007c 00000240 		.word	1073872896
 230              		.cfi_endproc
 231              	.LFE135:
 233              		.section	.text.HAL_CAN_MspDeInit,"ax",%progbits
 234              		.align	1
 235              		.global	HAL_CAN_MspDeInit
 236              		.syntax unified
 237              		.thumb
 238              		.thumb_func
 240              	HAL_CAN_MspDeInit:
 241              	.LVL9:
 242              	.LFB136:
  94:Core/Src/can.c **** 
  95:Core/Src/can.c **** void HAL_CAN_MspDeInit(CAN_HandleTypeDef* canHandle)
  96:Core/Src/can.c **** {
 243              		.loc 1 96 1 is_stmt 1 view -0
 244              		.cfi_startproc
 245              		@ args = 0, pretend = 0, frame = 0
 246              		@ frame_needed = 0, uses_anonymous_args = 0
 247              		.loc 1 96 1 is_stmt 0 view .LVU66
 248 0000 08B5     		push	{r3, lr}
 249              	.LCFI5:
 250              		.cfi_def_cfa_offset 8
 251              		.cfi_offset 3, -8
 252              		.cfi_offset 14, -4
  97:Core/Src/can.c **** 
  98:Core/Src/can.c ****   if(canHandle->Instance==CAN1)
 253              		.loc 1 98 3 is_stmt 1 view .LVU67
 254              		.loc 1 98 15 is_stmt 0 view .LVU68
 255 0002 0268     		ldr	r2, [r0]
 256              		.loc 1 98 5 view .LVU69
 257 0004 084B     		ldr	r3, .L17
 258 0006 9A42     		cmp	r2, r3
 259 0008 00D0     		beq	.L16
 260              	.LVL10:
 261              	.L13:
  99:Core/Src/can.c ****   {
 100:Core/Src/can.c ****   /* USER CODE BEGIN CAN1_MspDeInit 0 */
 101:Core/Src/can.c **** 
 102:Core/Src/can.c ****   /* USER CODE END CAN1_MspDeInit 0 */
 103:Core/Src/can.c ****     /* Peripheral clock disable */
 104:Core/Src/can.c ****     __HAL_RCC_CAN1_CLK_DISABLE();
 105:Core/Src/can.c **** 
 106:Core/Src/can.c ****     /**CAN1 GPIO Configuration
 107:Core/Src/can.c ****     PA11     ------> CAN1_RX
 108:Core/Src/can.c ****     PA12     ------> CAN1_TX
 109:Core/Src/can.c ****     */
 110:Core/Src/can.c ****     HAL_GPIO_DeInit(GPIOA, GPIO_PIN_11|GPIO_PIN_12);
 111:Core/Src/can.c **** 
 112:Core/Src/can.c ****     /* CAN1 interrupt Deinit */
 113:Core/Src/can.c ****     HAL_NVIC_DisableIRQ(CAN1_RX0_IRQn);
 114:Core/Src/can.c ****   /* USER CODE BEGIN CAN1_MspDeInit 1 */
 115:Core/Src/can.c **** 
 116:Core/Src/can.c ****   /* USER CODE END CAN1_MspDeInit 1 */
 117:Core/Src/can.c ****   }
ARM GAS  C:\Users\Lenovo\AppData\Local\Temp\ccAc36fY.s 			page 8


 118:Core/Src/can.c **** }
 262              		.loc 1 118 1 view .LVU70
 263 000a 08BD     		pop	{r3, pc}
 264              	.LVL11:
 265              	.L16:
 104:Core/Src/can.c **** 
 266              		.loc 1 104 5 is_stmt 1 view .LVU71
 267 000c 074A     		ldr	r2, .L17+4
 268 000e 136C     		ldr	r3, [r2, #64]
 269 0010 23F00073 		bic	r3, r3, #33554432
 270 0014 1364     		str	r3, [r2, #64]
 110:Core/Src/can.c **** 
 271              		.loc 1 110 5 view .LVU72
 272 0016 4FF4C051 		mov	r1, #6144
 273 001a 0548     		ldr	r0, .L17+8
 274              	.LVL12:
 110:Core/Src/can.c **** 
 275              		.loc 1 110 5 is_stmt 0 view .LVU73
 276 001c FFF7FEFF 		bl	HAL_GPIO_DeInit
 277              	.LVL13:
 113:Core/Src/can.c ****   /* USER CODE BEGIN CAN1_MspDeInit 1 */
 278              		.loc 1 113 5 is_stmt 1 view .LVU74
 279 0020 1420     		movs	r0, #20
 280 0022 FFF7FEFF 		bl	HAL_NVIC_DisableIRQ
 281              	.LVL14:
 282              		.loc 1 118 1 is_stmt 0 view .LVU75
 283 0026 F0E7     		b	.L13
 284              	.L18:
 285              		.align	2
 286              	.L17:
 287 0028 00640040 		.word	1073767424
 288 002c 00380240 		.word	1073887232
 289 0030 00000240 		.word	1073872896
 290              		.cfi_endproc
 291              	.LFE136:
 293              		.global	hcan1
 294              		.section	.bss.hcan1,"aw",%nobits
 295              		.align	2
 298              	hcan1:
 299 0000 00000000 		.space	40
 299      00000000 
 299      00000000 
 299      00000000 
 299      00000000 
 300              		.text
 301              	.Letext0:
 302              		.file 2 "Drivers/CMSIS/Device/ST/STM32F4xx/Include/stm32f407xx.h"
 303              		.file 3 "D:\\vscode\\stm32cubecltv122\\stm32cubeclt_1.22.0-Win-x86_64.exe\\anzhuang\\STM32CubeCLT_
 304              		.file 4 "D:\\vscode\\stm32cubecltv122\\stm32cubeclt_1.22.0-Win-x86_64.exe\\anzhuang\\STM32CubeCLT_
 305              		.file 5 "Drivers/CMSIS/Device/ST/STM32F4xx/Include/stm32f4xx.h"
 306              		.file 6 "Drivers/STM32F4xx_HAL_Driver/Inc/stm32f4xx_hal_def.h"
 307              		.file 7 "Drivers/STM32F4xx_HAL_Driver/Inc/stm32f4xx_hal_gpio.h"
 308              		.file 8 "Drivers/STM32F4xx_HAL_Driver/Inc/stm32f4xx_hal_can.h"
 309              		.file 9 "Drivers/STM32F4xx_HAL_Driver/Inc/stm32f4xx_hal_cortex.h"
 310              		.file 10 "Core/Inc/can.h"
 311              		.file 11 "Core/Inc/main.h"
ARM GAS  C:\Users\Lenovo\AppData\Local\Temp\ccAc36fY.s 			page 9


DEFINED SYMBOLS
                            *ABS*:00000000 can.c
C:\Users\Lenovo\AppData\Local\Temp\ccAc36fY.s:21     .text.MX_CAN1_Init:00000000 $t
C:\Users\Lenovo\AppData\Local\Temp\ccAc36fY.s:27     .text.MX_CAN1_Init:00000000 MX_CAN1_Init
C:\Users\Lenovo\AppData\Local\Temp\ccAc36fY.s:99     .text.MX_CAN1_Init:0000003c $d
C:\Users\Lenovo\AppData\Local\Temp\ccAc36fY.s:298    .bss.hcan1:00000000 hcan1
C:\Users\Lenovo\AppData\Local\Temp\ccAc36fY.s:105    .text.HAL_CAN_MspInit:00000000 $t
C:\Users\Lenovo\AppData\Local\Temp\ccAc36fY.s:111    .text.HAL_CAN_MspInit:00000000 HAL_CAN_MspInit
C:\Users\Lenovo\AppData\Local\Temp\ccAc36fY.s:228    .text.HAL_CAN_MspInit:00000078 $d
C:\Users\Lenovo\AppData\Local\Temp\ccAc36fY.s:234    .text.HAL_CAN_MspDeInit:00000000 $t
C:\Users\Lenovo\AppData\Local\Temp\ccAc36fY.s:240    .text.HAL_CAN_MspDeInit:00000000 HAL_CAN_MspDeInit
C:\Users\Lenovo\AppData\Local\Temp\ccAc36fY.s:287    .text.HAL_CAN_MspDeInit:00000028 $d
C:\Users\Lenovo\AppData\Local\Temp\ccAc36fY.s:295    .bss.hcan1:00000000 $d
                           .group:00000000 wm4.0.35f3e76e42575b99374c7d5ae37ca977
                           .group:00000000 wm4.stm32f4xx_hal_conf.h.25.0e419870eb91ef9647296e22728a843c
                           .group:00000000 wm4.stm32f4xx.h.38.63e3ea23bd63a94457417730025259b6
                           .group:00000000 wm4.stm32f407xx.h.34.dfd2ea1697b5c77f46734fce8e0379c1
                           .group:00000000 wm4._newlib_version.h.4.0eb654b64686e2bd29646258853f6c22
                           .group:00000000 wm4.features.h.33.d554620bb17bd3b714c3fb5c268772bc
                           .group:00000000 wm4._default_types.h.15.247e5cd201eca3442cbf5404108c4935
                           .group:00000000 wm4._intsup.h.10.48bafbb683905c4daa4565a85aeeb264
                           .group:00000000 wm4._stdint.h.10.c24fa3af3bc1706662bb5593a907e841
                           .group:00000000 wm4.stdint.h.23.d53047a68f4a85177f80b422d52785ed
                           .group:00000000 wm4.cmsis_version.h.32.0ac195c83bb4537824e6ad1c47474b79
                           .group:00000000 wm4.core_cm4.h.66.e4ff136c4a17abc46741866f64f8e729
                           .group:00000000 wm4.cmsis_gcc.h.26.498d0ad17a45fc9ef20fdc01caf02259
                           .group:00000000 wm4.core_cm4.h.174.62be9b4588d49bed18171771001331df
                           .group:00000000 wm4.mpu_armv7.h.32.83326921a797fa9d6f70449916b4b839
                           .group:00000000 wm4.stm32f407xx.h.906.60dfcdc14667d2b8ca294c8641b79c1f
                           .group:00000000 wm4.stm32f4xx.h.195.a4b8bf80f37cc96981498656ffe5f588
                           .group:00000000 wm4.stm32_hal_legacy.h.22.8b7d303dc46a0b7ac6d3edf19ce2608d
                           .group:00000000 wm4.stddef.h.39.811583f327f35b0df7808fda70b062a0
                           .group:00000000 wm4.stm32f4xx_hal_def.h.58.3cb484e92e5ccf2e55312a4714e27917
                           .group:00000000 wm4.stm32f4xx_hal_rcc_ex.h.20.3588b33cbc2d8eaea18dcc0a51ba534e
                           .group:00000000 wm4.stm32f4xx_hal_rcc.h.106.0887cf5d985ae88e345b0aed0ceb4729
                           .group:00000000 wm4.stm32f4xx_hal_gpio.h.21.22da6a14b6049d6ac156577be74df1d7
                           .group:00000000 wm4.stm32f4xx_hal_gpio_ex.h.21.5c361dc23c602df6957f759e97bb04e8
                           .group:00000000 wm4.stm32f4xx_hal_gpio.h.254.d7e07832f748fe8bcb575db0b8373592
                           .group:00000000 wm4.stm32f4xx_hal_exti.h.21.2e6a083d2f10670d92690e210e558965
                           .group:00000000 wm4.stm32f4xx_hal_dma.h.21.8e4b1421c914345c23be719e5e528779
                           .group:00000000 wm4.stm32f4xx_hal_dma.h.720.ac2d7eef74792e4026acc4d2923c5da4
                           .group:00000000 wm4.stm32f4xx_hal_cortex.h.20.03673e4f79386680bf73ba399c19306b
                           .group:00000000 wm4.stm32f4xx_hal_can.h.21.4b16c8dedf31ba328482231f811a7e65
                           .group:00000000 wm4.stm32f4xx_hal_flash.h.20.ec5bcab1c918231d2275f2879d222ca1
                           .group:00000000 wm4.stm32f4xx_hal_flash_ex.h.20.afe8d377ee912b60be4308c043f975e7
                           .group:00000000 wm4.stm32f4xx_hal_flash.h.361.23bc19b9eac79b0956d913651841ede8
                           .group:00000000 wm4.stm32f4xx_hal_pwr.h.20.1905a0783a9c83adefd7df0c4b501e40
                           .group:00000000 wm4.stm32f4xx_hal_pwr_ex.h.20.6b992e55c4d669f613af1cd1aee9dd45
                           .group:00000000 wm4.stm32f4xx_hal_pwr.h.338.debc0a4a62ba54688e63ab53dd99c4ea
                           .group:00000000 wm4.stm32f4xx_hal_uart.h.21.ba8e24dd05c77faac3f3d48472e636ba
                           .group:00000000 wm4.stm32f4xx_hal.h.71.3d2372f37daccf74f8a3fdda314d6583

UNDEFINED SYMBOLS
HAL_CAN_Init
Error_Handler
HAL_GPIO_Init
HAL_NVIC_SetPriority
ARM GAS  C:\Users\Lenovo\AppData\Local\Temp\ccAc36fY.s 			page 10


HAL_NVIC_EnableIRQ
HAL_GPIO_DeInit
HAL_NVIC_DisableIRQ
