ARM GAS  C:\Users\Lenovo\AppData\Local\Temp\cc8g7PsS.s 			page 1


   1              		.cpu cortex-m4
   2              		.arch armv7e-m
   3              		.fpu fpv4-sp-d16
   4              		.eabi_attribute 27, 1
   5              		.eabi_attribute 28, 1
   6              		.eabi_attribute 20, 1
   7              		.eabi_attribute 21, 1
   8              		.eabi_attribute 23, 3
   9              		.eabi_attribute 24, 1
  10              		.eabi_attribute 25, 1
  11              		.eabi_attribute 26, 1
  12              		.eabi_attribute 30, 1
  13              		.eabi_attribute 34, 1
  14              		.eabi_attribute 18, 4
  15              		.file	"CO_driver_blank.c"
  16              		.text
  17              	.Ltext0:
  18              		.cfi_sections	.debug_frame
  19              		.file 1 "CANopen/example/CO_driver_blank.c"
  20              		.section	.text.CO_CANsetConfigurationMode,"ax",%progbits
  21              		.align	1
  22              		.global	CO_CANsetConfigurationMode
  23              		.syntax unified
  24              		.thumb
  25              		.thumb_func
  27              	CO_CANsetConfigurationMode:
  28              	.LVL0:
  29              	.LFB6:
   1:CANopen/example/CO_driver_blank.c **** /*
   2:CANopen/example/CO_driver_blank.c ****  * CAN module object for generic microcontroller.
   3:CANopen/example/CO_driver_blank.c ****  *
   4:CANopen/example/CO_driver_blank.c ****  * This file is a template for other microcontrollers.
   5:CANopen/example/CO_driver_blank.c ****  *
   6:CANopen/example/CO_driver_blank.c ****  * @file        CO_driver.c
   7:CANopen/example/CO_driver_blank.c ****  * @ingroup     CO_driver
   8:CANopen/example/CO_driver_blank.c ****  * @author      Janez Paternoster
   9:CANopen/example/CO_driver_blank.c ****  * @copyright   2004 - 2020 Janez Paternoster
  10:CANopen/example/CO_driver_blank.c ****  *
  11:CANopen/example/CO_driver_blank.c ****  * This file is part of <https://github.com/CANopenNode/CANopenNode>, a CANopen Stack.
  12:CANopen/example/CO_driver_blank.c ****  *
  13:CANopen/example/CO_driver_blank.c ****  * Licensed under the Apache License, Version 2.0 (the "License"); you may not use this
  14:CANopen/example/CO_driver_blank.c ****  * file except in compliance with the License. You may obtain a copy of the License at
  15:CANopen/example/CO_driver_blank.c ****  *
  16:CANopen/example/CO_driver_blank.c ****  *     http://www.apache.org/licenses/LICENSE-2.0
  17:CANopen/example/CO_driver_blank.c ****  *
  18:CANopen/example/CO_driver_blank.c ****  * Unless required by applicable law or agreed to in writing, software distributed under the Licens
  19:CANopen/example/CO_driver_blank.c ****  * distributed on an "AS IS" BASIS, WITHOUT WARRANTIES OR CONDITIONS OF ANY KIND, either express or
  20:CANopen/example/CO_driver_blank.c ****  * See the License for the specific language governing permissions and limitations under the Licens
  21:CANopen/example/CO_driver_blank.c ****  */
  22:CANopen/example/CO_driver_blank.c **** 
  23:CANopen/example/CO_driver_blank.c **** #include "301/CO_driver.h"
  24:CANopen/example/CO_driver_blank.c **** 
  25:CANopen/example/CO_driver_blank.c **** void
  26:CANopen/example/CO_driver_blank.c **** CO_CANsetConfigurationMode(void* CANptr) {
  30              		.loc 1 26 42 view -0
  31              		.cfi_startproc
  32              		@ args = 0, pretend = 0, frame = 0
ARM GAS  C:\Users\Lenovo\AppData\Local\Temp\cc8g7PsS.s 			page 2


  33              		@ frame_needed = 0, uses_anonymous_args = 0
  34              		@ link register save eliminated.
  27:CANopen/example/CO_driver_blank.c ****     /* Put CAN module in configuration mode */
  28:CANopen/example/CO_driver_blank.c **** }
  35              		.loc 1 28 1 view .LVU1
  36 0000 7047     		bx	lr
  37              		.cfi_endproc
  38              	.LFE6:
  40              		.section	.text.CO_CANsetNormalMode,"ax",%progbits
  41              		.align	1
  42              		.global	CO_CANsetNormalMode
  43              		.syntax unified
  44              		.thumb
  45              		.thumb_func
  47              	CO_CANsetNormalMode:
  48              	.LVL1:
  49              	.LFB7:
  29:CANopen/example/CO_driver_blank.c **** 
  30:CANopen/example/CO_driver_blank.c **** void
  31:CANopen/example/CO_driver_blank.c **** CO_CANsetNormalMode(CO_CANmodule_t* CANmodule) {
  50              		.loc 1 31 48 view -0
  51              		.cfi_startproc
  52              		@ args = 0, pretend = 0, frame = 0
  53              		@ frame_needed = 0, uses_anonymous_args = 0
  54              		@ link register save eliminated.
  32:CANopen/example/CO_driver_blank.c ****     /* Put CAN module in normal mode */
  33:CANopen/example/CO_driver_blank.c **** 
  34:CANopen/example/CO_driver_blank.c ****     CANmodule->CANnormal = true;
  55              		.loc 1 34 5 view .LVU3
  56              		.loc 1 34 26 is_stmt 0 view .LVU4
  57 0000 0123     		movs	r3, #1
  58 0002 4361     		str	r3, [r0, #20]
  35:CANopen/example/CO_driver_blank.c **** }
  59              		.loc 1 35 1 view .LVU5
  60 0004 7047     		bx	lr
  61              		.cfi_endproc
  62              	.LFE7:
  64              		.section	.text.CO_CANmodule_init,"ax",%progbits
  65              		.align	1
  66              		.global	CO_CANmodule_init
  67              		.syntax unified
  68              		.thumb
  69              		.thumb_func
  71              	CO_CANmodule_init:
  72              	.LVL2:
  73              	.LFB8:
  36:CANopen/example/CO_driver_blank.c **** 
  37:CANopen/example/CO_driver_blank.c **** CO_ReturnError_t
  38:CANopen/example/CO_driver_blank.c **** CO_CANmodule_init(CO_CANmodule_t* CANmodule, void* CANptr, CO_CANrx_t rxArray[], uint16_t rxSize, C
  39:CANopen/example/CO_driver_blank.c ****                   uint16_t txSize, uint16_t CANbitRate) {
  74              		.loc 1 39 57 is_stmt 1 view -0
  75              		.cfi_startproc
  76              		@ args = 12, pretend = 0, frame = 0
  77              		@ frame_needed = 0, uses_anonymous_args = 0
  78              		.loc 1 39 57 is_stmt 0 view .LVU7
  79 0000 70B5     		push	{r4, r5, r6, lr}
  80              	.LCFI0:
ARM GAS  C:\Users\Lenovo\AppData\Local\Temp\cc8g7PsS.s 			page 3


  81              		.cfi_def_cfa_offset 16
  82              		.cfi_offset 4, -16
  83              		.cfi_offset 5, -12
  84              		.cfi_offset 6, -8
  85              		.cfi_offset 14, -4
  86 0002 049D     		ldr	r5, [sp, #16]
  87 0004 BDF814E0 		ldrh	lr, [sp, #20]
  40:CANopen/example/CO_driver_blank.c ****     uint16_t i;
  88              		.loc 1 40 5 is_stmt 1 view .LVU8
  41:CANopen/example/CO_driver_blank.c **** 
  42:CANopen/example/CO_driver_blank.c ****     /* verify arguments */
  43:CANopen/example/CO_driver_blank.c ****     if (CANmodule == NULL || rxArray == NULL || txArray == NULL) {
  89              		.loc 1 43 5 view .LVU9
  90              		.loc 1 43 8 is_stmt 0 view .LVU10
  91 0008 0028     		cmp	r0, #0
  92 000a 3DD0     		beq	.L9
  93 000c 8446     		mov	ip, r0
  94              		.loc 1 43 27 discriminator 1 view .LVU11
  95 000e 002A     		cmp	r2, #0
  96 0010 3DD0     		beq	.L10
  97              		.loc 1 43 46 discriminator 2 view .LVU12
  98 0012 002D     		cmp	r5, #0
  99 0014 3ED0     		beq	.L11
  44:CANopen/example/CO_driver_blank.c ****         return CO_ERROR_ILLEGAL_ARGUMENT;
  45:CANopen/example/CO_driver_blank.c ****     }
  46:CANopen/example/CO_driver_blank.c **** 
  47:CANopen/example/CO_driver_blank.c ****     /* Configure object variables */
  48:CANopen/example/CO_driver_blank.c ****     CANmodule->CANptr = CANptr;
 100              		.loc 1 48 5 is_stmt 1 view .LVU13
 101              		.loc 1 48 23 is_stmt 0 view .LVU14
 102 0016 0160     		str	r1, [r0]
  49:CANopen/example/CO_driver_blank.c ****     CANmodule->rxArray = rxArray;
 103              		.loc 1 49 5 is_stmt 1 view .LVU15
 104              		.loc 1 49 24 is_stmt 0 view .LVU16
 105 0018 4260     		str	r2, [r0, #4]
  50:CANopen/example/CO_driver_blank.c ****     CANmodule->rxSize = rxSize;
 106              		.loc 1 50 5 is_stmt 1 view .LVU17
 107              		.loc 1 50 23 is_stmt 0 view .LVU18
 108 001a 0381     		strh	r3, [r0, #8]	@ movhi
  51:CANopen/example/CO_driver_blank.c ****     CANmodule->txArray = txArray;
 109              		.loc 1 51 5 is_stmt 1 view .LVU19
 110              		.loc 1 51 24 is_stmt 0 view .LVU20
 111 001c C560     		str	r5, [r0, #12]
  52:CANopen/example/CO_driver_blank.c ****     CANmodule->txSize = txSize;
 112              		.loc 1 52 5 is_stmt 1 view .LVU21
 113              		.loc 1 52 23 is_stmt 0 view .LVU22
 114 001e A0F810E0 		strh	lr, [r0, #16]	@ movhi
  53:CANopen/example/CO_driver_blank.c ****     CANmodule->CANerrorStatus = 0;
 115              		.loc 1 53 5 is_stmt 1 view .LVU23
 116              		.loc 1 53 31 is_stmt 0 view .LVU24
 117 0022 0021     		movs	r1, #0
 118              	.LVL3:
 119              		.loc 1 53 31 view .LVU25
 120 0024 4182     		strh	r1, [r0, #18]	@ movhi
  54:CANopen/example/CO_driver_blank.c ****     CANmodule->CANnormal = false;
 121              		.loc 1 54 5 is_stmt 1 view .LVU26
 122              		.loc 1 54 26 is_stmt 0 view .LVU27
ARM GAS  C:\Users\Lenovo\AppData\Local\Temp\cc8g7PsS.s 			page 4


 123 0026 4161     		str	r1, [r0, #20]
  55:CANopen/example/CO_driver_blank.c ****     CANmodule->useCANrxFilters = (rxSize <= 32U) ? true : false; /* microcontroller dependent */
 124              		.loc 1 55 5 is_stmt 1 view .LVU28
 125              		.loc 1 55 57 is_stmt 0 view .LVU29
 126 0028 202B     		cmp	r3, #32
 127 002a 8CBF     		ite	hi
 128 002c 0020     		movhi	r0, #0
 129              	.LVL4:
 130              		.loc 1 55 57 view .LVU30
 131 002e 0120     		movls	r0, #1
 132              		.loc 1 55 32 view .LVU31
 133 0030 CCF81800 		str	r0, [ip, #24]
  56:CANopen/example/CO_driver_blank.c ****     CANmodule->bufferInhibitFlag = false;
 134              		.loc 1 56 5 is_stmt 1 view .LVU32
 135              		.loc 1 56 34 is_stmt 0 view .LVU33
 136 0034 CCF81C10 		str	r1, [ip, #28]
  57:CANopen/example/CO_driver_blank.c ****     CANmodule->firstCANtxMessage = true;
 137              		.loc 1 57 5 is_stmt 1 view .LVU34
 138              		.loc 1 57 34 is_stmt 0 view .LVU35
 139 0038 0120     		movs	r0, #1
 140 003a CCF82000 		str	r0, [ip, #32]
  58:CANopen/example/CO_driver_blank.c ****     CANmodule->CANtxCount = 0U;
 141              		.loc 1 58 5 is_stmt 1 view .LVU36
 142              		.loc 1 58 27 is_stmt 0 view .LVU37
 143 003e ACF82410 		strh	r1, [ip, #36]	@ movhi
  59:CANopen/example/CO_driver_blank.c ****     CANmodule->errOld = 0U;
 144              		.loc 1 59 5 is_stmt 1 view .LVU38
 145              		.loc 1 59 23 is_stmt 0 view .LVU39
 146 0042 CCF82810 		str	r1, [ip, #40]
  60:CANopen/example/CO_driver_blank.c **** 
  61:CANopen/example/CO_driver_blank.c ****     for (i = 0U; i < rxSize; i++) {
 147              		.loc 1 61 5 is_stmt 1 view .LVU40
 148              	.LVL5:
 149              		.loc 1 61 5 is_stmt 0 view .LVU41
 150 0046 0DE0     		b	.L5
 151              	.LVL6:
 152              	.L6:
  62:CANopen/example/CO_driver_blank.c ****         rxArray[i].ident = 0U;
 153              		.loc 1 62 9 is_stmt 1 view .LVU42
 154              		.loc 1 62 16 is_stmt 0 view .LVU43
 155 0048 01EB4100 		add	r0, r1, r1, lsl #1
 156 004c 8600     		lsls	r6, r0, #2
 157 004e 02EB8000 		add	r0, r2, r0, lsl #2
 158              		.loc 1 62 26 view .LVU44
 159 0052 0024     		movs	r4, #0
 160 0054 9453     		strh	r4, [r2, r6]	@ movhi
  63:CANopen/example/CO_driver_blank.c ****         rxArray[i].mask = 0xFFFFU;
 161              		.loc 1 63 9 is_stmt 1 view .LVU45
 162              		.loc 1 63 25 is_stmt 0 view .LVU46
 163 0056 4FF6FF76 		movw	r6, #65535
 164 005a 4680     		strh	r6, [r0, #2]	@ movhi
  64:CANopen/example/CO_driver_blank.c ****         rxArray[i].object = NULL;
 165              		.loc 1 64 9 is_stmt 1 view .LVU47
 166              		.loc 1 64 27 is_stmt 0 view .LVU48
 167 005c 4460     		str	r4, [r0, #4]
  65:CANopen/example/CO_driver_blank.c ****         rxArray[i].CANrx_callback = NULL;
 168              		.loc 1 65 9 is_stmt 1 view .LVU49
ARM GAS  C:\Users\Lenovo\AppData\Local\Temp\cc8g7PsS.s 			page 5


 169              		.loc 1 65 35 is_stmt 0 view .LVU50
 170 005e 8460     		str	r4, [r0, #8]
  61:CANopen/example/CO_driver_blank.c ****         rxArray[i].ident = 0U;
 171              		.loc 1 61 31 is_stmt 1 discriminator 3 view .LVU51
 172 0060 0131     		adds	r1, r1, #1
 173              	.LVL7:
  61:CANopen/example/CO_driver_blank.c ****         rxArray[i].ident = 0U;
 174              		.loc 1 61 31 is_stmt 0 discriminator 3 view .LVU52
 175 0062 89B2     		uxth	r1, r1
 176              	.LVL8:
 177              	.L5:
  61:CANopen/example/CO_driver_blank.c ****         rxArray[i].ident = 0U;
 178              		.loc 1 61 20 is_stmt 1 discriminator 1 view .LVU53
 179 0064 9942     		cmp	r1, r3
 180 0066 EFD3     		bcc	.L6
  66:CANopen/example/CO_driver_blank.c ****     }
  67:CANopen/example/CO_driver_blank.c ****     for (i = 0U; i < txSize; i++) {
 181              		.loc 1 67 12 is_stmt 0 view .LVU54
 182 0068 0023     		movs	r3, #0
 183              	.LVL9:
 184              		.loc 1 67 12 view .LVU55
 185 006a 07E0     		b	.L7
 186              	.LVL10:
 187              	.L8:
  68:CANopen/example/CO_driver_blank.c ****         txArray[i].bufferFull = false;
 188              		.loc 1 68 9 is_stmt 1 view .LVU56
 189              		.loc 1 68 16 is_stmt 0 view .LVU57
 190 006c 03EB4302 		add	r2, r3, r3, lsl #1
 191 0070 05EBC202 		add	r2, r5, r2, lsl #3
 192              		.loc 1 68 31 view .LVU58
 193 0074 0021     		movs	r1, #0
 194 0076 1161     		str	r1, [r2, #16]
  67:CANopen/example/CO_driver_blank.c ****         txArray[i].bufferFull = false;
 195              		.loc 1 67 31 is_stmt 1 discriminator 3 view .LVU59
 196 0078 0133     		adds	r3, r3, #1
 197              	.LVL11:
  67:CANopen/example/CO_driver_blank.c ****         txArray[i].bufferFull = false;
 198              		.loc 1 67 31 is_stmt 0 discriminator 3 view .LVU60
 199 007a 9BB2     		uxth	r3, r3
 200              	.LVL12:
 201              	.L7:
  67:CANopen/example/CO_driver_blank.c ****         txArray[i].bufferFull = false;
 202              		.loc 1 67 20 is_stmt 1 discriminator 1 view .LVU61
 203 007c 7345     		cmp	r3, lr
 204 007e F5D3     		bcc	.L8
  69:CANopen/example/CO_driver_blank.c ****     }
  70:CANopen/example/CO_driver_blank.c **** 
  71:CANopen/example/CO_driver_blank.c ****     /* Configure CAN module registers */
  72:CANopen/example/CO_driver_blank.c **** 
  73:CANopen/example/CO_driver_blank.c ****     /* Configure CAN timing */
  74:CANopen/example/CO_driver_blank.c **** 
  75:CANopen/example/CO_driver_blank.c ****     /* Configure CAN module hardware filters */
  76:CANopen/example/CO_driver_blank.c ****     if (CANmodule->useCANrxFilters) {
 205              		.loc 1 76 5 view .LVU62
 206              		.loc 1 76 18 is_stmt 0 view .LVU63
 207 0080 DCF81830 		ldr	r3, [ip, #24]
 208              	.LVL13:
ARM GAS  C:\Users\Lenovo\AppData\Local\Temp\cc8g7PsS.s 			page 6


  77:CANopen/example/CO_driver_blank.c ****         /* CAN module filters are used, they will be configured with */
  78:CANopen/example/CO_driver_blank.c ****         /* CO_CANrxBufferInit() functions, called by separate CANopen */
  79:CANopen/example/CO_driver_blank.c ****         /* init functions. */
  80:CANopen/example/CO_driver_blank.c ****         /* Configure all masks so, that received message must match filter */
  81:CANopen/example/CO_driver_blank.c ****     } else {
 209              		.loc 1 81 5 is_stmt 1 view .LVU64
  82:CANopen/example/CO_driver_blank.c ****         /* CAN module filters are not used, all messages with standard 11-bit */
  83:CANopen/example/CO_driver_blank.c ****         /* identifier will be received */
  84:CANopen/example/CO_driver_blank.c ****         /* Configure mask 0 so, that all messages with standard identifier are accepted */
  85:CANopen/example/CO_driver_blank.c ****     }
 210              		.loc 1 85 5 view .LVU65
  86:CANopen/example/CO_driver_blank.c **** 
  87:CANopen/example/CO_driver_blank.c ****     /* configure CAN interrupt registers */
  88:CANopen/example/CO_driver_blank.c **** 
  89:CANopen/example/CO_driver_blank.c ****     return CO_ERROR_NO;
 211              		.loc 1 89 5 view .LVU66
 212              		.loc 1 89 12 is_stmt 0 view .LVU67
 213 0084 0020     		movs	r0, #0
 214              	.LVL14:
 215              	.L4:
  90:CANopen/example/CO_driver_blank.c **** }
 216              		.loc 1 90 1 view .LVU68
 217 0086 70BD     		pop	{r4, r5, r6, pc}
 218              	.LVL15:
 219              	.L9:
  44:CANopen/example/CO_driver_blank.c ****     }
 220              		.loc 1 44 16 view .LVU69
 221 0088 4FF0FF30 		mov	r0, #-1
 222              	.LVL16:
  44:CANopen/example/CO_driver_blank.c ****     }
 223              		.loc 1 44 16 view .LVU70
 224 008c FBE7     		b	.L4
 225              	.LVL17:
 226              	.L10:
  44:CANopen/example/CO_driver_blank.c ****     }
 227              		.loc 1 44 16 view .LVU71
 228 008e 4FF0FF30 		mov	r0, #-1
 229              	.LVL18:
  44:CANopen/example/CO_driver_blank.c ****     }
 230              		.loc 1 44 16 view .LVU72
 231 0092 F8E7     		b	.L4
 232              	.LVL19:
 233              	.L11:
  44:CANopen/example/CO_driver_blank.c ****     }
 234              		.loc 1 44 16 view .LVU73
 235 0094 4FF0FF30 		mov	r0, #-1
 236              	.LVL20:
  44:CANopen/example/CO_driver_blank.c ****     }
 237              		.loc 1 44 16 view .LVU74
 238 0098 F5E7     		b	.L4
 239              		.cfi_endproc
 240              	.LFE8:
 242              		.section	.text.CO_CANmodule_disable,"ax",%progbits
 243              		.align	1
 244              		.global	CO_CANmodule_disable
 245              		.syntax unified
 246              		.thumb
ARM GAS  C:\Users\Lenovo\AppData\Local\Temp\cc8g7PsS.s 			page 7


 247              		.thumb_func
 249              	CO_CANmodule_disable:
 250              	.LVL21:
 251              	.LFB9:
  91:CANopen/example/CO_driver_blank.c **** 
  92:CANopen/example/CO_driver_blank.c **** void
  93:CANopen/example/CO_driver_blank.c **** CO_CANmodule_disable(CO_CANmodule_t* CANmodule) {
 252              		.loc 1 93 49 is_stmt 1 view -0
 253              		.cfi_startproc
 254              		@ args = 0, pretend = 0, frame = 0
 255              		@ frame_needed = 0, uses_anonymous_args = 0
 256              		@ link register save eliminated.
  94:CANopen/example/CO_driver_blank.c ****     if (CANmodule != NULL) {
 257              		.loc 1 94 5 view .LVU76
  95:CANopen/example/CO_driver_blank.c ****         /* turn off the module */
  96:CANopen/example/CO_driver_blank.c ****     }
 258              		.loc 1 96 5 view .LVU77
  97:CANopen/example/CO_driver_blank.c **** }
 259              		.loc 1 97 1 is_stmt 0 view .LVU78
 260 0000 7047     		bx	lr
 261              		.cfi_endproc
 262              	.LFE9:
 264              		.section	.text.CO_CANrxBufferInit,"ax",%progbits
 265              		.align	1
 266              		.global	CO_CANrxBufferInit
 267              		.syntax unified
 268              		.thumb
 269              		.thumb_func
 271              	CO_CANrxBufferInit:
 272              	.LVL22:
 273              	.LFB10:
  98:CANopen/example/CO_driver_blank.c **** 
  99:CANopen/example/CO_driver_blank.c **** CO_ReturnError_t
 100:CANopen/example/CO_driver_blank.c **** CO_CANrxBufferInit(CO_CANmodule_t* CANmodule, uint16_t index, uint16_t ident, uint16_t mask, bool_t
 101:CANopen/example/CO_driver_blank.c ****                    void (*CANrx_callback)(void* object, void* message)) {
 274              		.loc 1 101 73 is_stmt 1 view -0
 275              		.cfi_startproc
 276              		@ args = 12, pretend = 0, frame = 0
 277              		@ frame_needed = 0, uses_anonymous_args = 0
 278              		.loc 1 101 73 is_stmt 0 view .LVU80
 279 0000 30B5     		push	{r4, r5, lr}
 280              	.LCFI1:
 281              		.cfi_def_cfa_offset 12
 282              		.cfi_offset 4, -12
 283              		.cfi_offset 5, -8
 284              		.cfi_offset 14, -4
 285 0002 049C     		ldr	r4, [sp, #16]
 286 0004 059D     		ldr	r5, [sp, #20]
 102:CANopen/example/CO_driver_blank.c ****     CO_ReturnError_t ret = CO_ERROR_NO;
 287              		.loc 1 102 5 is_stmt 1 view .LVU81
 288              	.LVL23:
 103:CANopen/example/CO_driver_blank.c **** 
 104:CANopen/example/CO_driver_blank.c ****     if ((CANmodule != NULL) && (object != NULL) && (CANrx_callback != NULL) && (index < CANmodule->
 289              		.loc 1 104 5 view .LVU82
 290              		.loc 1 104 8 is_stmt 0 view .LVU83
 291 0006 10B3     		cbz	r0, .L17
 292 0008 8446     		mov	ip, r0
ARM GAS  C:\Users\Lenovo\AppData\Local\Temp\cc8g7PsS.s 			page 8


 293              		.loc 1 104 29 discriminator 1 view .LVU84
 294 000a 1CB3     		cbz	r4, .L18
 295              		.loc 1 104 49 discriminator 2 view .LVU85
 296 000c 2DB3     		cbz	r5, .L19
 297              		.loc 1 104 98 discriminator 3 view .LVU86
 298 000e 0089     		ldrh	r0, [r0, #8]
 299              	.LVL24:
 300              		.loc 1 104 77 discriminator 3 view .LVU87
 301 0010 8842     		cmp	r0, r1
 302 0012 25D9     		bls	.L20
 303              	.LBB2:
 105:CANopen/example/CO_driver_blank.c ****         /* buffer, which will be configured */
 106:CANopen/example/CO_driver_blank.c ****         CO_CANrx_t* buffer = &CANmodule->rxArray[index];
 304              		.loc 1 106 9 is_stmt 1 view .LVU88
 305              		.loc 1 106 40 is_stmt 0 view .LVU89
 306 0014 DCF80400 		ldr	r0, [ip, #4]
 307              		.loc 1 106 49 view .LVU90
 308 0018 01EB4101 		add	r1, r1, r1, lsl #1
 309              	.LVL25:
 310              		.loc 1 106 49 view .LVU91
 311 001c 4FEA810E 		lsl	lr, r1, #2
 312              		.loc 1 106 21 view .LVU92
 313 0020 00EB8101 		add	r1, r0, r1, lsl #2
 314              	.LVL26:
 107:CANopen/example/CO_driver_blank.c **** 
 108:CANopen/example/CO_driver_blank.c ****         /* Configure object variables */
 109:CANopen/example/CO_driver_blank.c ****         buffer->object = object;
 315              		.loc 1 109 9 is_stmt 1 view .LVU93
 316              		.loc 1 109 24 is_stmt 0 view .LVU94
 317 0024 4C60     		str	r4, [r1, #4]
 110:CANopen/example/CO_driver_blank.c ****         buffer->CANrx_callback = CANrx_callback;
 318              		.loc 1 110 9 is_stmt 1 view .LVU95
 319              		.loc 1 110 32 is_stmt 0 view .LVU96
 320 0026 8D60     		str	r5, [r1, #8]
 111:CANopen/example/CO_driver_blank.c **** 
 112:CANopen/example/CO_driver_blank.c ****         /* CAN identifier and CAN mask, bit aligned with CAN module. Different on different microco
 113:CANopen/example/CO_driver_blank.c ****         buffer->ident = ident & 0x07FFU;
 321              		.loc 1 113 9 is_stmt 1 view .LVU97
 322              		.loc 1 113 31 is_stmt 0 view .LVU98
 323 0028 C2F30A02 		ubfx	r2, r2, #0, #11
 324              	.LVL27:
 325              		.loc 1 113 23 view .LVU99
 326 002c 20F80E20 		strh	r2, [r0, lr]	@ movhi
 114:CANopen/example/CO_driver_blank.c ****         if (rtr) {
 327              		.loc 1 114 9 is_stmt 1 view .LVU100
 328              		.loc 1 114 12 is_stmt 0 view .LVU101
 329 0030 039C     		ldr	r4, [sp, #12]
 330 0032 1CB1     		cbz	r4, .L16
 115:CANopen/example/CO_driver_blank.c ****             buffer->ident |= 0x0800U;
 331              		.loc 1 115 13 is_stmt 1 view .LVU102
 332              		.loc 1 115 27 is_stmt 0 view .LVU103
 333 0034 42F40062 		orr	r2, r2, #2048
 334 0038 20F80E20 		strh	r2, [r0, lr]	@ movhi
 335              	.L16:
 116:CANopen/example/CO_driver_blank.c ****         }
 117:CANopen/example/CO_driver_blank.c ****         buffer->mask = (mask & 0x07FFU) | 0x0800U;
 336              		.loc 1 117 9 is_stmt 1 view .LVU104
ARM GAS  C:\Users\Lenovo\AppData\Local\Temp\cc8g7PsS.s 			page 9


 337              		.loc 1 117 30 is_stmt 0 view .LVU105
 338 003c C3F30A03 		ubfx	r3, r3, #0, #11
 339              	.LVL28:
 340              		.loc 1 117 41 view .LVU106
 341 0040 43F40063 		orr	r3, r3, #2048
 342              		.loc 1 117 22 view .LVU107
 343 0044 4B80     		strh	r3, [r1, #2]	@ movhi
 118:CANopen/example/CO_driver_blank.c **** 
 119:CANopen/example/CO_driver_blank.c ****         /* Set CAN hardware module filter and mask. */
 120:CANopen/example/CO_driver_blank.c ****         if (CANmodule->useCANrxFilters) {}
 344              		.loc 1 120 9 is_stmt 1 view .LVU108
 345              		.loc 1 120 22 is_stmt 0 view .LVU109
 346 0046 DCF81830 		ldr	r3, [ip, #24]
 347              		.loc 1 120 42 is_stmt 1 view .LVU110
 348              	.LBE2:
 102:CANopen/example/CO_driver_blank.c **** 
 349              		.loc 1 102 22 is_stmt 0 view .LVU111
 350 004a 0020     		movs	r0, #0
 351              	.LVL29:
 352              	.L15:
 121:CANopen/example/CO_driver_blank.c ****     } else {
 122:CANopen/example/CO_driver_blank.c ****         ret = CO_ERROR_ILLEGAL_ARGUMENT;
 123:CANopen/example/CO_driver_blank.c ****     }
 124:CANopen/example/CO_driver_blank.c **** 
 125:CANopen/example/CO_driver_blank.c ****     return ret;
 353              		.loc 1 125 5 is_stmt 1 view .LVU112
 126:CANopen/example/CO_driver_blank.c **** }
 354              		.loc 1 126 1 is_stmt 0 view .LVU113
 355 004c 30BD     		pop	{r4, r5, pc}
 356              	.LVL30:
 357              	.L17:
 122:CANopen/example/CO_driver_blank.c ****     }
 358              		.loc 1 122 13 view .LVU114
 359 004e 4FF0FF30 		mov	r0, #-1
 360              	.LVL31:
 122:CANopen/example/CO_driver_blank.c ****     }
 361              		.loc 1 122 13 view .LVU115
 362 0052 FBE7     		b	.L15
 363              	.LVL32:
 364              	.L18:
 122:CANopen/example/CO_driver_blank.c ****     }
 365              		.loc 1 122 13 view .LVU116
 366 0054 4FF0FF30 		mov	r0, #-1
 367              	.LVL33:
 122:CANopen/example/CO_driver_blank.c ****     }
 368              		.loc 1 122 13 view .LVU117
 369 0058 F8E7     		b	.L15
 370              	.LVL34:
 371              	.L19:
 122:CANopen/example/CO_driver_blank.c ****     }
 372              		.loc 1 122 13 view .LVU118
 373 005a 4FF0FF30 		mov	r0, #-1
 374              	.LVL35:
 122:CANopen/example/CO_driver_blank.c ****     }
 375              		.loc 1 122 13 view .LVU119
 376 005e F5E7     		b	.L15
 377              	.L20:
ARM GAS  C:\Users\Lenovo\AppData\Local\Temp\cc8g7PsS.s 			page 10


 378 0060 4FF0FF30 		mov	r0, #-1
 379 0064 F2E7     		b	.L15
 380              		.cfi_endproc
 381              	.LFE10:
 383              		.section	.text.CO_CANtxBufferInit,"ax",%progbits
 384              		.align	1
 385              		.global	CO_CANtxBufferInit
 386              		.syntax unified
 387              		.thumb
 388              		.thumb_func
 390              	CO_CANtxBufferInit:
 391              	.LVL36:
 392              	.LFB11:
 127:CANopen/example/CO_driver_blank.c **** 
 128:CANopen/example/CO_driver_blank.c **** CO_CANtx_t*
 129:CANopen/example/CO_driver_blank.c **** CO_CANtxBufferInit(CO_CANmodule_t* CANmodule, uint16_t index, uint16_t ident, bool_t rtr, uint8_t n
 130:CANopen/example/CO_driver_blank.c ****                    bool_t syncFlag) {
 393              		.loc 1 130 37 is_stmt 1 view -0
 394              		.cfi_startproc
 395              		@ args = 8, pretend = 0, frame = 0
 396              		@ frame_needed = 0, uses_anonymous_args = 0
 397              		@ link register save eliminated.
 131:CANopen/example/CO_driver_blank.c ****     CO_CANtx_t* buffer = NULL;
 398              		.loc 1 131 5 view .LVU121
 132:CANopen/example/CO_driver_blank.c **** 
 133:CANopen/example/CO_driver_blank.c ****     if ((CANmodule != NULL) && (index < CANmodule->txSize)) {
 399              		.loc 1 133 5 view .LVU122
 400              		.loc 1 133 8 is_stmt 0 view .LVU123
 401 0000 8446     		mov	ip, r0
 402 0002 00B3     		cbz	r0, .L25
 403              		.loc 1 133 50 discriminator 1 view .LVU124
 404 0004 008A     		ldrh	r0, [r0, #16]
 405              	.LVL37:
 406              		.loc 1 133 29 discriminator 1 view .LVU125
 407 0006 8842     		cmp	r0, r1
 408 0008 1ED9     		bls	.L26
 130:CANopen/example/CO_driver_blank.c ****     CO_CANtx_t* buffer = NULL;
 409              		.loc 1 130 37 view .LVU126
 410 000a 10B4     		push	{r4}
 411              	.LCFI2:
 412              		.cfi_def_cfa_offset 4
 413              		.cfi_offset 4, -4
 134:CANopen/example/CO_driver_blank.c ****         /* get specific buffer */
 135:CANopen/example/CO_driver_blank.c ****         buffer = &CANmodule->txArray[index];
 414              		.loc 1 135 9 is_stmt 1 view .LVU127
 415              		.loc 1 135 28 is_stmt 0 view .LVU128
 416 000c DCF80C40 		ldr	r4, [ip, #12]
 417              		.loc 1 135 37 view .LVU129
 418 0010 01EB4101 		add	r1, r1, r1, lsl #1
 419              	.LVL38:
 420              		.loc 1 135 37 view .LVU130
 421 0014 4FEAC10C 		lsl	ip, r1, #3
 422              	.LVL39:
 423              		.loc 1 135 16 view .LVU131
 424 0018 04EBC100 		add	r0, r4, r1, lsl #3
 425              	.LVL40:
 136:CANopen/example/CO_driver_blank.c **** 
ARM GAS  C:\Users\Lenovo\AppData\Local\Temp\cc8g7PsS.s 			page 11


 137:CANopen/example/CO_driver_blank.c ****         /* CAN identifier, DLC and rtr, bit aligned with CAN module transmit buffer, microcontrolle
 138:CANopen/example/CO_driver_blank.c ****         buffer->ident = ((uint32_t)ident & 0x07FFU) | ((uint32_t)(((uint32_t)noOfBytes & 0xFU) << 1
 426              		.loc 1 138 9 is_stmt 1 view .LVU132
 427              		.loc 1 138 42 is_stmt 0 view .LVU133
 428 001c C2F30A02 		ubfx	r2, r2, #0, #11
 429              	.LVL41:
 430              		.loc 1 138 56 view .LVU134
 431 0020 9DF80410 		ldrb	r1, [sp, #4]	@ zero_extendqisi2
 432 0024 C902     		lsls	r1, r1, #11
 433 0026 01F4F041 		and	r1, r1, #30720
 434              		.loc 1 138 53 view .LVU135
 435 002a 0A43     		orrs	r2, r2, r1
 139:CANopen/example/CO_driver_blank.c ****                         | ((uint32_t)(rtr ? 0x8000U : 0U));
 436              		.loc 1 139 28 view .LVU136
 437 002c 0BB1     		cbz	r3, .L24
 438              		.loc 1 139 28 discriminator 1 view .LVU137
 439 002e 4FF40043 		mov	r3, #32768
 440              	.LVL42:
 441              	.L24:
 442              		.loc 1 139 25 discriminator 4 view .LVU138
 443 0032 1343     		orrs	r3, r3, r2
 138:CANopen/example/CO_driver_blank.c ****                         | ((uint32_t)(rtr ? 0x8000U : 0U));
 444              		.loc 1 138 23 view .LVU139
 445 0034 44F80C30 		str	r3, [r4, ip]
 140:CANopen/example/CO_driver_blank.c **** 
 141:CANopen/example/CO_driver_blank.c ****         buffer->bufferFull = false;
 446              		.loc 1 141 9 is_stmt 1 view .LVU140
 447              		.loc 1 141 28 is_stmt 0 view .LVU141
 448 0038 0023     		movs	r3, #0
 449 003a 0361     		str	r3, [r0, #16]
 142:CANopen/example/CO_driver_blank.c ****         buffer->syncFlag = syncFlag;
 450              		.loc 1 142 9 is_stmt 1 view .LVU142
 451              		.loc 1 142 26 is_stmt 0 view .LVU143
 452 003c 029B     		ldr	r3, [sp, #8]
 453 003e 4361     		str	r3, [r0, #20]
 143:CANopen/example/CO_driver_blank.c ****     }
 144:CANopen/example/CO_driver_blank.c **** 
 145:CANopen/example/CO_driver_blank.c ****     return buffer;
 146:CANopen/example/CO_driver_blank.c **** }
 454              		.loc 1 146 1 view .LVU144
 455 0040 5DF8044B 		ldr	r4, [sp], #4
 456              	.LVL43:
 457              		.loc 1 146 1 view .LVU145
 458 0044 7047     		bx	lr
 459              	.LVL44:
 460              	.L25:
 461              	.LCFI3:
 462              		.cfi_def_cfa_offset 0
 463              		.cfi_restore 4
 464              		.loc 1 146 1 view .LVU146
 465 0046 7047     		bx	lr
 466              	.LVL45:
 467              	.L26:
 131:CANopen/example/CO_driver_blank.c **** 
 468              		.loc 1 131 17 view .LVU147
 469 0048 0020     		movs	r0, #0
 145:CANopen/example/CO_driver_blank.c **** }
ARM GAS  C:\Users\Lenovo\AppData\Local\Temp\cc8g7PsS.s 			page 12


 470              		.loc 1 145 5 is_stmt 1 view .LVU148
 471              		.loc 1 146 1 is_stmt 0 view .LVU149
 472 004a 7047     		bx	lr
 473              		.cfi_endproc
 474              	.LFE11:
 476              		.section	.text.CO_CANsend,"ax",%progbits
 477              		.align	1
 478              		.global	CO_CANsend
 479              		.syntax unified
 480              		.thumb
 481              		.thumb_func
 483              	CO_CANsend:
 484              	.LVL46:
 485              	.LFB12:
 147:CANopen/example/CO_driver_blank.c **** 
 148:CANopen/example/CO_driver_blank.c **** CO_ReturnError_t
 149:CANopen/example/CO_driver_blank.c **** CO_CANsend(CO_CANmodule_t* CANmodule, CO_CANtx_t* buffer) {
 486              		.loc 1 149 59 is_stmt 1 view -0
 487              		.cfi_startproc
 488              		@ args = 0, pretend = 0, frame = 0
 489              		@ frame_needed = 0, uses_anonymous_args = 0
 490              		@ link register save eliminated.
 491              		.loc 1 149 59 is_stmt 0 view .LVU151
 492 0000 0346     		mov	r3, r0
 150:CANopen/example/CO_driver_blank.c ****     CO_ReturnError_t err = CO_ERROR_NO;
 493              		.loc 1 150 5 is_stmt 1 view .LVU152
 494              	.LVL47:
 151:CANopen/example/CO_driver_blank.c **** 
 152:CANopen/example/CO_driver_blank.c ****     /* Verify overflow */
 153:CANopen/example/CO_driver_blank.c ****     if (buffer->bufferFull) {
 495              		.loc 1 153 5 view .LVU153
 496              		.loc 1 153 15 is_stmt 0 view .LVU154
 497 0002 0A69     		ldr	r2, [r1, #16]
 498              		.loc 1 153 8 view .LVU155
 499 0004 42B1     		cbz	r2, .L35
 154:CANopen/example/CO_driver_blank.c ****         if (!CANmodule->firstCANtxMessage) {
 500              		.loc 1 154 9 is_stmt 1 view .LVU156
 501              		.loc 1 154 23 is_stmt 0 view .LVU157
 502 0006 026A     		ldr	r2, [r0, #32]
 503              		.loc 1 154 12 view .LVU158
 504 0008 6AB9     		cbnz	r2, .L36
 155:CANopen/example/CO_driver_blank.c ****             /* don't set error, if bootup message is still on buffers */
 156:CANopen/example/CO_driver_blank.c ****             CANmodule->CANerrorStatus |= CO_CAN_ERRTX_OVERFLOW;
 505              		.loc 1 156 13 is_stmt 1 view .LVU159
 506              		.loc 1 156 22 is_stmt 0 view .LVU160
 507 000a 428A     		ldrh	r2, [r0, #18]
 508              		.loc 1 156 39 view .LVU161
 509 000c 42F00802 		orr	r2, r2, #8
 510 0010 4282     		strh	r2, [r0, #18]	@ movhi
 157:CANopen/example/CO_driver_blank.c ****         }
 158:CANopen/example/CO_driver_blank.c ****         err = CO_ERROR_TX_OVERFLOW;
 511              		.loc 1 158 13 view .LVU162
 512 0012 6FF00800 		mvn	r0, #8
 513              	.LVL48:
 514              		.loc 1 158 13 view .LVU163
 515 0016 00E0     		b	.L32
 516              	.LVL49:
ARM GAS  C:\Users\Lenovo\AppData\Local\Temp\cc8g7PsS.s 			page 13


 517              	.L35:
 150:CANopen/example/CO_driver_blank.c **** 
 518              		.loc 1 150 22 view .LVU164
 519 0018 0020     		movs	r0, #0
 520              	.LVL50:
 521              	.L32:
 159:CANopen/example/CO_driver_blank.c ****     }
 160:CANopen/example/CO_driver_blank.c **** 
 161:CANopen/example/CO_driver_blank.c ****     CO_LOCK_CAN_SEND(CANmodule);
 522              		.loc 1 161 32 is_stmt 1 view .LVU165
 162:CANopen/example/CO_driver_blank.c ****     /* if CAN TX buffer is free, copy message to it */
 163:CANopen/example/CO_driver_blank.c ****     if (1 && CANmodule->CANtxCount == 0) {
 523              		.loc 1 163 5 view .LVU166
 524              		.loc 1 163 23 is_stmt 0 view .LVU167
 525 001a 9A8C     		ldrh	r2, [r3, #36]
 526 001c 92B2     		uxth	r2, r2
 527              		.loc 1 163 8 view .LVU168
 528 001e 2AB9     		cbnz	r2, .L33
 164:CANopen/example/CO_driver_blank.c ****         CANmodule->bufferInhibitFlag = buffer->syncFlag;
 529              		.loc 1 164 9 is_stmt 1 view .LVU169
 530              		.loc 1 164 46 is_stmt 0 view .LVU170
 531 0020 4A69     		ldr	r2, [r1, #20]
 532              		.loc 1 164 38 view .LVU171
 533 0022 DA61     		str	r2, [r3, #28]
 534 0024 7047     		bx	lr
 535              	.LVL51:
 536              	.L36:
 158:CANopen/example/CO_driver_blank.c ****     }
 537              		.loc 1 158 13 view .LVU172
 538 0026 6FF00800 		mvn	r0, #8
 539              	.LVL52:
 158:CANopen/example/CO_driver_blank.c ****     }
 540              		.loc 1 158 13 view .LVU173
 541 002a F6E7     		b	.L32
 542              	.LVL53:
 543              	.L33:
 165:CANopen/example/CO_driver_blank.c ****         /* copy message and txRequest */
 166:CANopen/example/CO_driver_blank.c ****     }
 167:CANopen/example/CO_driver_blank.c ****     /* if no buffer is free, message will be sent by interrupt */
 168:CANopen/example/CO_driver_blank.c ****     else {
 169:CANopen/example/CO_driver_blank.c ****         buffer->bufferFull = true;
 544              		.loc 1 169 9 is_stmt 1 view .LVU174
 545              		.loc 1 169 28 is_stmt 0 view .LVU175
 546 002c 0122     		movs	r2, #1
 547 002e 0A61     		str	r2, [r1, #16]
 170:CANopen/example/CO_driver_blank.c ****         CANmodule->CANtxCount++;
 548              		.loc 1 170 9 is_stmt 1 view .LVU176
 549              		.loc 1 170 18 is_stmt 0 view .LVU177
 550 0030 9A8C     		ldrh	r2, [r3, #36]
 551 0032 92B2     		uxth	r2, r2
 552              		.loc 1 170 30 view .LVU178
 553 0034 0132     		adds	r2, r2, #1
 554 0036 92B2     		uxth	r2, r2
 555 0038 9A84     		strh	r2, [r3, #36]	@ movhi
 171:CANopen/example/CO_driver_blank.c ****     }
 172:CANopen/example/CO_driver_blank.c ****     CO_UNLOCK_CAN_SEND(CANmodule);
 556              		.loc 1 172 34 is_stmt 1 view .LVU179
ARM GAS  C:\Users\Lenovo\AppData\Local\Temp\cc8g7PsS.s 			page 14


 173:CANopen/example/CO_driver_blank.c **** 
 174:CANopen/example/CO_driver_blank.c ****     return err;
 557              		.loc 1 174 5 view .LVU180
 175:CANopen/example/CO_driver_blank.c **** }
 558              		.loc 1 175 1 is_stmt 0 view .LVU181
 559 003a 7047     		bx	lr
 560              		.cfi_endproc
 561              	.LFE12:
 563              		.section	.text.CO_CANclearPendingSyncPDOs,"ax",%progbits
 564              		.align	1
 565              		.global	CO_CANclearPendingSyncPDOs
 566              		.syntax unified
 567              		.thumb
 568              		.thumb_func
 570              	CO_CANclearPendingSyncPDOs:
 571              	.LVL54:
 572              	.LFB13:
 176:CANopen/example/CO_driver_blank.c **** 
 177:CANopen/example/CO_driver_blank.c **** void
 178:CANopen/example/CO_driver_blank.c **** CO_CANclearPendingSyncPDOs(CO_CANmodule_t* CANmodule) {
 573              		.loc 1 178 55 is_stmt 1 view -0
 574              		.cfi_startproc
 575              		@ args = 0, pretend = 0, frame = 0
 576              		@ frame_needed = 0, uses_anonymous_args = 0
 577              		@ link register save eliminated.
 578              		.loc 1 178 55 is_stmt 0 view .LVU183
 579 0000 10B4     		push	{r4}
 580              	.LCFI4:
 581              		.cfi_def_cfa_offset 4
 582              		.cfi_offset 4, -4
 179:CANopen/example/CO_driver_blank.c ****     uint32_t tpdoDeleted = 0U;
 583              		.loc 1 179 5 is_stmt 1 view .LVU184
 584              	.LVL55:
 180:CANopen/example/CO_driver_blank.c **** 
 181:CANopen/example/CO_driver_blank.c ****     CO_LOCK_CAN_SEND(CANmodule);
 585              		.loc 1 181 32 view .LVU185
 182:CANopen/example/CO_driver_blank.c ****     /* Abort message from CAN module, if there is synchronous TPDO.
 183:CANopen/example/CO_driver_blank.c ****      * Take special care with this functionality. */
 184:CANopen/example/CO_driver_blank.c ****     if (/* messageIsOnCanBuffer && */ CANmodule->bufferInhibitFlag) {
 586              		.loc 1 184 5 view .LVU186
 587              		.loc 1 184 48 is_stmt 0 view .LVU187
 588 0002 C469     		ldr	r4, [r0, #28]
 589              	.LVL56:
 590              		.loc 1 184 8 view .LVU188
 591 0004 14B1     		cbz	r4, .L38
 185:CANopen/example/CO_driver_blank.c ****         /* clear TXREQ */
 186:CANopen/example/CO_driver_blank.c ****         CANmodule->bufferInhibitFlag = false;
 592              		.loc 1 186 9 is_stmt 1 view .LVU189
 593              		.loc 1 186 38 is_stmt 0 view .LVU190
 594 0006 0023     		movs	r3, #0
 595 0008 C361     		str	r3, [r0, #28]
 187:CANopen/example/CO_driver_blank.c ****         tpdoDeleted = 1U;
 596              		.loc 1 187 9 is_stmt 1 view .LVU191
 597              	.LVL57:
 598              		.loc 1 187 21 is_stmt 0 view .LVU192
 599 000a 0124     		movs	r4, #1
 600              	.LVL58:
ARM GAS  C:\Users\Lenovo\AppData\Local\Temp\cc8g7PsS.s 			page 15


 601              	.L38:
 188:CANopen/example/CO_driver_blank.c ****     }
 189:CANopen/example/CO_driver_blank.c ****     /* delete also pending synchronous TPDOs in TX buffers */
 190:CANopen/example/CO_driver_blank.c ****     if (CANmodule->CANtxCount != 0U) {
 602              		.loc 1 190 5 is_stmt 1 view .LVU193
 603              		.loc 1 190 18 is_stmt 0 view .LVU194
 604 000c 838C     		ldrh	r3, [r0, #36]
 605 000e 9BB2     		uxth	r3, r3
 606              		.loc 1 190 8 view .LVU195
 607 0010 ABB1     		cbz	r3, .L39
 608              	.LBB3:
 191:CANopen/example/CO_driver_blank.c ****         uint16_t i;
 609              		.loc 1 191 9 is_stmt 1 view .LVU196
 192:CANopen/example/CO_driver_blank.c ****         CO_CANtx_t* buffer = &CANmodule->txArray[0];
 610              		.loc 1 192 9 view .LVU197
 611              		.loc 1 192 21 is_stmt 0 view .LVU198
 612 0012 C268     		ldr	r2, [r0, #12]
 613              	.LVL59:
 193:CANopen/example/CO_driver_blank.c ****         for (i = CANmodule->txSize; i > 0U; i--) {
 614              		.loc 1 193 9 is_stmt 1 view .LVU199
 615              		.loc 1 193 16 is_stmt 0 view .LVU200
 616 0014 038A     		ldrh	r3, [r0, #16]
 617              	.LVL60:
 618              		.loc 1 193 9 view .LVU201
 619 0016 02E0     		b	.L40
 620              	.LVL61:
 621              	.L41:
 194:CANopen/example/CO_driver_blank.c ****             if (buffer->bufferFull) {
 195:CANopen/example/CO_driver_blank.c ****                 if (buffer->syncFlag) {
 196:CANopen/example/CO_driver_blank.c ****                     buffer->bufferFull = false;
 197:CANopen/example/CO_driver_blank.c ****                     CANmodule->CANtxCount--;
 198:CANopen/example/CO_driver_blank.c ****                     tpdoDeleted = 2U;
 199:CANopen/example/CO_driver_blank.c ****                 }
 200:CANopen/example/CO_driver_blank.c ****             }
 201:CANopen/example/CO_driver_blank.c ****             buffer++;
 622              		.loc 1 201 13 is_stmt 1 view .LVU202
 623              		.loc 1 201 19 is_stmt 0 view .LVU203
 624 0018 1832     		adds	r2, r2, #24
 625              	.LVL62:
 193:CANopen/example/CO_driver_blank.c ****         for (i = CANmodule->txSize; i > 0U; i--) {
 626              		.loc 1 193 46 is_stmt 1 discriminator 2 view .LVU204
 627 001a 013B     		subs	r3, r3, #1
 628              	.LVL63:
 193:CANopen/example/CO_driver_blank.c ****         for (i = CANmodule->txSize; i > 0U; i--) {
 629              		.loc 1 193 46 is_stmt 0 discriminator 2 view .LVU205
 630 001c 9BB2     		uxth	r3, r3
 631              	.LVL64:
 632              	.L40:
 193:CANopen/example/CO_driver_blank.c ****         for (i = CANmodule->txSize; i > 0U; i--) {
 633              		.loc 1 193 39 is_stmt 1 discriminator 1 view .LVU206
 634 001e 73B1     		cbz	r3, .L39
 194:CANopen/example/CO_driver_blank.c ****             if (buffer->bufferFull) {
 635              		.loc 1 194 13 view .LVU207
 194:CANopen/example/CO_driver_blank.c ****             if (buffer->bufferFull) {
 636              		.loc 1 194 23 is_stmt 0 view .LVU208
 637 0020 1169     		ldr	r1, [r2, #16]
 194:CANopen/example/CO_driver_blank.c ****             if (buffer->bufferFull) {
ARM GAS  C:\Users\Lenovo\AppData\Local\Temp\cc8g7PsS.s 			page 16


 638              		.loc 1 194 16 view .LVU209
 639 0022 0029     		cmp	r1, #0
 640 0024 F8D0     		beq	.L41
 195:CANopen/example/CO_driver_blank.c ****                     buffer->bufferFull = false;
 641              		.loc 1 195 17 is_stmt 1 view .LVU210
 195:CANopen/example/CO_driver_blank.c ****                     buffer->bufferFull = false;
 642              		.loc 1 195 27 is_stmt 0 view .LVU211
 643 0026 5169     		ldr	r1, [r2, #20]
 195:CANopen/example/CO_driver_blank.c ****                     buffer->bufferFull = false;
 644              		.loc 1 195 20 view .LVU212
 645 0028 0029     		cmp	r1, #0
 646 002a F5D0     		beq	.L41
 196:CANopen/example/CO_driver_blank.c ****                     CANmodule->CANtxCount--;
 647              		.loc 1 196 21 is_stmt 1 view .LVU213
 196:CANopen/example/CO_driver_blank.c ****                     CANmodule->CANtxCount--;
 648              		.loc 1 196 40 is_stmt 0 view .LVU214
 649 002c 0021     		movs	r1, #0
 650 002e 1161     		str	r1, [r2, #16]
 197:CANopen/example/CO_driver_blank.c ****                     tpdoDeleted = 2U;
 651              		.loc 1 197 21 is_stmt 1 view .LVU215
 197:CANopen/example/CO_driver_blank.c ****                     tpdoDeleted = 2U;
 652              		.loc 1 197 30 is_stmt 0 view .LVU216
 653 0030 818C     		ldrh	r1, [r0, #36]
 654 0032 89B2     		uxth	r1, r1
 197:CANopen/example/CO_driver_blank.c ****                     tpdoDeleted = 2U;
 655              		.loc 1 197 42 view .LVU217
 656 0034 0139     		subs	r1, r1, #1
 657 0036 89B2     		uxth	r1, r1
 658 0038 8184     		strh	r1, [r0, #36]	@ movhi
 198:CANopen/example/CO_driver_blank.c ****                 }
 659              		.loc 1 198 21 is_stmt 1 view .LVU218
 660              	.LVL65:
 198:CANopen/example/CO_driver_blank.c ****                 }
 661              		.loc 1 198 33 is_stmt 0 view .LVU219
 662 003a 0224     		movs	r4, #2
 663 003c ECE7     		b	.L41
 664              	.LVL66:
 665              	.L39:
 198:CANopen/example/CO_driver_blank.c ****                 }
 666              		.loc 1 198 33 view .LVU220
 667              	.LBE3:
 202:CANopen/example/CO_driver_blank.c ****         }
 203:CANopen/example/CO_driver_blank.c ****     }
 204:CANopen/example/CO_driver_blank.c ****     CO_UNLOCK_CAN_SEND(CANmodule);
 668              		.loc 1 204 34 is_stmt 1 view .LVU221
 205:CANopen/example/CO_driver_blank.c **** 
 206:CANopen/example/CO_driver_blank.c ****     if (tpdoDeleted != 0U) {
 669              		.loc 1 206 5 view .LVU222
 670              		.loc 1 206 8 is_stmt 0 view .LVU223
 671 003e 1CB1     		cbz	r4, .L37
 207:CANopen/example/CO_driver_blank.c ****         CANmodule->CANerrorStatus |= CO_CAN_ERRTX_PDO_LATE;
 672              		.loc 1 207 9 is_stmt 1 view .LVU224
 673              		.loc 1 207 18 is_stmt 0 view .LVU225
 674 0040 438A     		ldrh	r3, [r0, #18]
 675              		.loc 1 207 35 view .LVU226
 676 0042 43F08003 		orr	r3, r3, #128
 677 0046 4382     		strh	r3, [r0, #18]	@ movhi
ARM GAS  C:\Users\Lenovo\AppData\Local\Temp\cc8g7PsS.s 			page 17


 678              	.L37:
 208:CANopen/example/CO_driver_blank.c ****     }
 209:CANopen/example/CO_driver_blank.c **** }
 679              		.loc 1 209 1 view .LVU227
 680 0048 5DF8044B 		ldr	r4, [sp], #4
 681              	.LVL67:
 682              		.loc 1 209 1 view .LVU228
 683 004c 7047     		bx	lr
 684              		.cfi_endproc
 685              	.LFE13:
 687              		.section	.text.CO_CANmodule_process,"ax",%progbits
 688              		.align	1
 689              		.global	CO_CANmodule_process
 690              		.syntax unified
 691              		.thumb
 692              		.thumb_func
 694              	CO_CANmodule_process:
 695              	.LVL68:
 696              	.LFB14:
 210:CANopen/example/CO_driver_blank.c **** 
 211:CANopen/example/CO_driver_blank.c **** /* Get error counters from the module. If necessary, function may use different way to determine er
 212:CANopen/example/CO_driver_blank.c **** static uint16_t rxErrors = 0, txErrors = 0, overflow = 0;
 213:CANopen/example/CO_driver_blank.c **** 
 214:CANopen/example/CO_driver_blank.c **** void
 215:CANopen/example/CO_driver_blank.c **** CO_CANmodule_process(CO_CANmodule_t* CANmodule) {
 697              		.loc 1 215 49 is_stmt 1 view -0
 698              		.cfi_startproc
 699              		@ args = 0, pretend = 0, frame = 0
 700              		@ frame_needed = 0, uses_anonymous_args = 0
 701              		@ link register save eliminated.
 216:CANopen/example/CO_driver_blank.c ****     uint32_t err;
 702              		.loc 1 216 5 view .LVU230
 217:CANopen/example/CO_driver_blank.c **** 
 218:CANopen/example/CO_driver_blank.c ****     err = ((uint32_t)txErrors << 16) | ((uint32_t)rxErrors << 8) | overflow;
 703              		.loc 1 218 5 view .LVU231
 219:CANopen/example/CO_driver_blank.c **** 
 220:CANopen/example/CO_driver_blank.c ****     if (CANmodule->errOld != err) {
 704              		.loc 1 220 5 view .LVU232
 705              		.loc 1 220 18 is_stmt 0 view .LVU233
 706 0000 836A     		ldr	r3, [r0, #40]
 707              		.loc 1 220 8 view .LVU234
 708 0002 53B1     		cbz	r3, .L45
 709              	.LBB4:
 221:CANopen/example/CO_driver_blank.c ****         uint16_t status = CANmodule->CANerrorStatus;
 710              		.loc 1 221 9 is_stmt 1 view .LVU235
 711              		.loc 1 221 18 is_stmt 0 view .LVU236
 712 0004 438A     		ldrh	r3, [r0, #18]
 713              	.LVL69:
 222:CANopen/example/CO_driver_blank.c **** 
 223:CANopen/example/CO_driver_blank.c ****         CANmodule->errOld = err;
 714              		.loc 1 223 9 is_stmt 1 view .LVU237
 715              		.loc 1 223 27 is_stmt 0 view .LVU238
 716 0006 0022     		movs	r2, #0
 717 0008 8262     		str	r2, [r0, #40]
 224:CANopen/example/CO_driver_blank.c **** 
 225:CANopen/example/CO_driver_blank.c ****         if (txErrors >= 256U) {
 718              		.loc 1 225 9 is_stmt 1 view .LVU239
ARM GAS  C:\Users\Lenovo\AppData\Local\Temp\cc8g7PsS.s 			page 18


 226:CANopen/example/CO_driver_blank.c ****             /* bus off */
 227:CANopen/example/CO_driver_blank.c ****             status |= CO_CAN_ERRTX_BUS_OFF;
 228:CANopen/example/CO_driver_blank.c ****         } else {
 229:CANopen/example/CO_driver_blank.c ****             /* recalculate CANerrorStatus, first clear some flags */
 230:CANopen/example/CO_driver_blank.c ****             status &= 0xFFFF
 719              		.loc 1 230 13 view .LVU240
 720              		.loc 1 230 20 is_stmt 0 view .LVU241
 721 000a 23F44173 		bic	r3, r3, #772
 722 000e 23F00303 		bic	r3, r3, #3
 723 0012 9BB2     		uxth	r3, r3
 724              	.LVL70:
 231:CANopen/example/CO_driver_blank.c ****                       ^ (CO_CAN_ERRTX_BUS_OFF | CO_CAN_ERRRX_WARNING | CO_CAN_ERRRX_PASSIVE | CO_CA
 232:CANopen/example/CO_driver_blank.c ****                          | CO_CAN_ERRTX_PASSIVE);
 233:CANopen/example/CO_driver_blank.c **** 
 234:CANopen/example/CO_driver_blank.c ****             /* rx bus warning or passive */
 235:CANopen/example/CO_driver_blank.c ****             if (rxErrors >= 128) {
 725              		.loc 1 235 13 is_stmt 1 view .LVU242
 236:CANopen/example/CO_driver_blank.c ****                 status |= CO_CAN_ERRRX_WARNING | CO_CAN_ERRRX_PASSIVE;
 237:CANopen/example/CO_driver_blank.c ****             } else if (rxErrors >= 96) {
 726              		.loc 1 237 20 view .LVU243
 238:CANopen/example/CO_driver_blank.c ****                 status |= CO_CAN_ERRRX_WARNING;
 239:CANopen/example/CO_driver_blank.c ****             }
 240:CANopen/example/CO_driver_blank.c **** 
 241:CANopen/example/CO_driver_blank.c ****             /* tx bus warning or passive */
 242:CANopen/example/CO_driver_blank.c ****             if (txErrors >= 128) {
 727              		.loc 1 242 13 view .LVU244
 243:CANopen/example/CO_driver_blank.c ****                 status |= CO_CAN_ERRTX_WARNING | CO_CAN_ERRTX_PASSIVE;
 244:CANopen/example/CO_driver_blank.c ****             } else if (txErrors >= 96) {
 728              		.loc 1 244 20 view .LVU245
 245:CANopen/example/CO_driver_blank.c ****                 status |= CO_CAN_ERRTX_WARNING;
 246:CANopen/example/CO_driver_blank.c ****             }
 247:CANopen/example/CO_driver_blank.c **** 
 248:CANopen/example/CO_driver_blank.c ****             /* if not tx passive clear also overflow */
 249:CANopen/example/CO_driver_blank.c ****             if ((status & CO_CAN_ERRTX_PASSIVE) == 0) {
 729              		.loc 1 249 13 view .LVU246
 250:CANopen/example/CO_driver_blank.c ****                 status &= 0xFFFF ^ CO_CAN_ERRTX_OVERFLOW;
 730              		.loc 1 250 17 view .LVU247
 731              		.loc 1 250 24 is_stmt 0 view .LVU248
 732 0014 23F00803 		bic	r3, r3, #8
 733              	.LVL71:
 251:CANopen/example/CO_driver_blank.c ****             }
 252:CANopen/example/CO_driver_blank.c ****         }
 253:CANopen/example/CO_driver_blank.c **** 
 254:CANopen/example/CO_driver_blank.c ****         if (overflow != 0) {
 734              		.loc 1 254 9 is_stmt 1 view .LVU249
 255:CANopen/example/CO_driver_blank.c ****             /* CAN RX bus overflow */
 256:CANopen/example/CO_driver_blank.c ****             status |= CO_CAN_ERRRX_OVERFLOW;
 257:CANopen/example/CO_driver_blank.c ****         }
 258:CANopen/example/CO_driver_blank.c **** 
 259:CANopen/example/CO_driver_blank.c ****         CANmodule->CANerrorStatus = status;
 735              		.loc 1 259 9 view .LVU250
 736              		.loc 1 259 35 is_stmt 0 view .LVU251
 737 0018 4382     		strh	r3, [r0, #18]	@ movhi
 738              	.LVL72:
 739              	.L45:
 740              		.loc 1 259 35 view .LVU252
 741              	.LBE4:
ARM GAS  C:\Users\Lenovo\AppData\Local\Temp\cc8g7PsS.s 			page 19


 260:CANopen/example/CO_driver_blank.c ****     }
 261:CANopen/example/CO_driver_blank.c **** }
 742              		.loc 1 261 1 view .LVU253
 743 001a 7047     		bx	lr
 744              		.cfi_endproc
 745              	.LFE14:
 747              		.section	.text.CO_CANinterrupt,"ax",%progbits
 748              		.align	1
 749              		.global	CO_CANinterrupt
 750              		.syntax unified
 751              		.thumb
 752              		.thumb_func
 754              	CO_CANinterrupt:
 755              	.LVL73:
 756              	.LFB15:
 262:CANopen/example/CO_driver_blank.c **** 
 263:CANopen/example/CO_driver_blank.c **** typedef struct {
 264:CANopen/example/CO_driver_blank.c ****     uint32_t ident;
 265:CANopen/example/CO_driver_blank.c ****     uint8_t DLC;
 266:CANopen/example/CO_driver_blank.c ****     uint8_t data[8];
 267:CANopen/example/CO_driver_blank.c **** } CO_CANrxMsg_t;
 268:CANopen/example/CO_driver_blank.c **** 
 269:CANopen/example/CO_driver_blank.c **** void
 270:CANopen/example/CO_driver_blank.c **** CO_CANinterrupt(CO_CANmodule_t* CANmodule) {
 757              		.loc 1 270 44 is_stmt 1 view -0
 758              		.cfi_startproc
 759              		@ args = 0, pretend = 0, frame = 0
 760              		@ frame_needed = 0, uses_anonymous_args = 0
 761              		.loc 1 270 44 is_stmt 0 view .LVU255
 762 0000 38B5     		push	{r3, r4, r5, lr}
 763              	.LCFI5:
 764              		.cfi_def_cfa_offset 16
 765              		.cfi_offset 3, -16
 766              		.cfi_offset 4, -12
 767              		.cfi_offset 5, -8
 768              		.cfi_offset 14, -4
 271:CANopen/example/CO_driver_blank.c **** 
 272:CANopen/example/CO_driver_blank.c ****     /* receive interrupt */
 273:CANopen/example/CO_driver_blank.c ****     if (1) {
 769              		.loc 1 273 5 is_stmt 1 view .LVU256
 770              	.LBB5:
 274:CANopen/example/CO_driver_blank.c ****         CO_CANrxMsg_t* rcvMsg;     /* pointer to received message in CAN module */
 771              		.loc 1 274 9 view .LVU257
 275:CANopen/example/CO_driver_blank.c ****         uint16_t index;            /* index of received message */
 772              		.loc 1 275 9 view .LVU258
 276:CANopen/example/CO_driver_blank.c ****         uint32_t rcvMsgIdent;      /* identifier of the received message */
 773              		.loc 1 276 9 view .LVU259
 277:CANopen/example/CO_driver_blank.c ****         CO_CANrx_t* buffer = NULL; /* receive message buffer from CO_CANmodule_t object. */
 774              		.loc 1 277 9 view .LVU260
 775              	.LVL74:
 278:CANopen/example/CO_driver_blank.c ****         bool_t msgMatched = false;
 776              		.loc 1 278 9 view .LVU261
 279:CANopen/example/CO_driver_blank.c **** 
 280:CANopen/example/CO_driver_blank.c ****         rcvMsg = 0; /* get message from module here */
 777              		.loc 1 280 9 view .LVU262
 281:CANopen/example/CO_driver_blank.c ****         rcvMsgIdent = rcvMsg->ident;
 778              		.loc 1 281 9 view .LVU263
ARM GAS  C:\Users\Lenovo\AppData\Local\Temp\cc8g7PsS.s 			page 20


 779              		.loc 1 281 21 is_stmt 0 view .LVU264
 780 0002 0023     		movs	r3, #0
 781 0004 1C68     		ldr	r4, [r3]
 782              	.LVL75:
 282:CANopen/example/CO_driver_blank.c ****         if (CANmodule->useCANrxFilters) {
 783              		.loc 1 282 9 is_stmt 1 view .LVU265
 784              		.loc 1 282 22 is_stmt 0 view .LVU266
 785 0006 8569     		ldr	r5, [r0, #24]
 786              	.LVL76:
 787              		.loc 1 282 12 view .LVU267
 788 0008 45B1     		cbz	r5, .L48
 283:CANopen/example/CO_driver_blank.c ****             /* CAN module filters are used. Message with known 11-bit identifier has been received 
 284:CANopen/example/CO_driver_blank.c ****             index = 0; /* get index of the received message here. Or something similar */
 789              		.loc 1 284 13 is_stmt 1 view .LVU268
 790              	.LVL77:
 285:CANopen/example/CO_driver_blank.c ****             if (index < CANmodule->rxSize) {
 791              		.loc 1 285 13 view .LVU269
 792              		.loc 1 285 34 is_stmt 0 view .LVU270
 793 000a 0389     		ldrh	r3, [r0, #8]
 794              		.loc 1 285 16 view .LVU271
 795 000c D3B1     		cbz	r3, .L47
 286:CANopen/example/CO_driver_blank.c ****                 buffer = &CANmodule->rxArray[index];
 796              		.loc 1 286 17 is_stmt 1 view .LVU272
 797              		.loc 1 286 36 is_stmt 0 view .LVU273
 798 000e 4268     		ldr	r2, [r0, #4]
 799              	.LVL78:
 287:CANopen/example/CO_driver_blank.c ****                 /* verify also RTR */
 288:CANopen/example/CO_driver_blank.c ****                 if (((rcvMsgIdent ^ buffer->ident) & buffer->mask) == 0U) {
 800              		.loc 1 288 17 is_stmt 1 view .LVU274
 801              		.loc 1 288 43 is_stmt 0 view .LVU275
 802 0010 1388     		ldrh	r3, [r2]
 803              		.loc 1 288 35 view .LVU276
 804 0012 6340     		eors	r3, r3, r4
 805              		.loc 1 288 60 view .LVU277
 806 0014 5188     		ldrh	r1, [r2, #2]
 807              		.loc 1 288 20 view .LVU278
 808 0016 0B42     		tst	r3, r1
 809 0018 0ED0     		beq	.L50
 810 001a 13E0     		b	.L47
 811              	.LVL79:
 812              	.L48:
 289:CANopen/example/CO_driver_blank.c ****                     msgMatched = true;
 290:CANopen/example/CO_driver_blank.c ****                 }
 291:CANopen/example/CO_driver_blank.c ****             }
 292:CANopen/example/CO_driver_blank.c ****         } else {
 293:CANopen/example/CO_driver_blank.c ****             /* CAN module filters are not used, message with any standard 11-bit identifier */
 294:CANopen/example/CO_driver_blank.c ****             /* has been received. Search rxArray form CANmodule for the same CAN-ID. */
 295:CANopen/example/CO_driver_blank.c ****             buffer = &CANmodule->rxArray[0];
 813              		.loc 1 295 13 is_stmt 1 view .LVU279
 814              		.loc 1 295 20 is_stmt 0 view .LVU280
 815 001c 4268     		ldr	r2, [r0, #4]
 816              	.LVL80:
 296:CANopen/example/CO_driver_blank.c ****             for (index = CANmodule->rxSize; index > 0U; index--) {
 817              		.loc 1 296 13 is_stmt 1 view .LVU281
 818              		.loc 1 296 24 is_stmt 0 view .LVU282
 819 001e 0389     		ldrh	r3, [r0, #8]
 820              	.LVL81:
ARM GAS  C:\Users\Lenovo\AppData\Local\Temp\cc8g7PsS.s 			page 21


 821              		.loc 1 296 13 view .LVU283
 822 0020 02E0     		b	.L51
 823              	.LVL82:
 824              	.L56:
 297:CANopen/example/CO_driver_blank.c ****                 if (((rcvMsgIdent ^ buffer->ident) & buffer->mask) == 0U) {
 298:CANopen/example/CO_driver_blank.c ****                     msgMatched = true;
 299:CANopen/example/CO_driver_blank.c ****                     break;
 300:CANopen/example/CO_driver_blank.c ****                 }
 301:CANopen/example/CO_driver_blank.c ****                 buffer++;
 825              		.loc 1 301 17 is_stmt 1 view .LVU284
 826              		.loc 1 301 23 is_stmt 0 view .LVU285
 827 0022 0C32     		adds	r2, r2, #12
 828              	.LVL83:
 296:CANopen/example/CO_driver_blank.c ****             for (index = CANmodule->rxSize; index > 0U; index--) {
 829              		.loc 1 296 62 is_stmt 1 discriminator 2 view .LVU286
 830 0024 013B     		subs	r3, r3, #1
 831              	.LVL84:
 296:CANopen/example/CO_driver_blank.c ****             for (index = CANmodule->rxSize; index > 0U; index--) {
 832              		.loc 1 296 62 is_stmt 0 discriminator 2 view .LVU287
 833 0026 9BB2     		uxth	r3, r3
 834              	.LVL85:
 835              	.L51:
 296:CANopen/example/CO_driver_blank.c ****             for (index = CANmodule->rxSize; index > 0U; index--) {
 836              		.loc 1 296 51 is_stmt 1 discriminator 1 view .LVU288
 837 0028 2BB1     		cbz	r3, .L52
 297:CANopen/example/CO_driver_blank.c ****                 if (((rcvMsgIdent ^ buffer->ident) & buffer->mask) == 0U) {
 838              		.loc 1 297 17 view .LVU289
 297:CANopen/example/CO_driver_blank.c ****                 if (((rcvMsgIdent ^ buffer->ident) & buffer->mask) == 0U) {
 839              		.loc 1 297 43 is_stmt 0 view .LVU290
 840 002a 1188     		ldrh	r1, [r2]
 297:CANopen/example/CO_driver_blank.c ****                 if (((rcvMsgIdent ^ buffer->ident) & buffer->mask) == 0U) {
 841              		.loc 1 297 35 view .LVU291
 842 002c 6140     		eors	r1, r1, r4
 297:CANopen/example/CO_driver_blank.c ****                 if (((rcvMsgIdent ^ buffer->ident) & buffer->mask) == 0U) {
 843              		.loc 1 297 60 view .LVU292
 844 002e 5088     		ldrh	r0, [r2, #2]
 297:CANopen/example/CO_driver_blank.c ****                 if (((rcvMsgIdent ^ buffer->ident) & buffer->mask) == 0U) {
 845              		.loc 1 297 20 view .LVU293
 846 0030 0142     		tst	r1, r0
 847 0032 F6D1     		bne	.L56
 298:CANopen/example/CO_driver_blank.c ****                     break;
 848              		.loc 1 298 32 view .LVU294
 849 0034 0125     		movs	r5, #1
 850              	.L52:
 851              	.LVL86:
 302:CANopen/example/CO_driver_blank.c ****             }
 303:CANopen/example/CO_driver_blank.c ****         }
 304:CANopen/example/CO_driver_blank.c **** 
 305:CANopen/example/CO_driver_blank.c ****         /* Call specific function, which will process the message */
 306:CANopen/example/CO_driver_blank.c ****         if (msgMatched && (buffer != NULL) && (buffer->CANrx_callback != NULL)) {
 852              		.loc 1 306 9 is_stmt 1 view .LVU295
 853              		.loc 1 306 12 is_stmt 0 view .LVU296
 854 0036 2DB1     		cbz	r5, .L47
 855              	.LVL87:
 856              	.L50:
 857              		.loc 1 306 24 discriminator 1 view .LVU297
 858 0038 22B1     		cbz	r2, .L47
ARM GAS  C:\Users\Lenovo\AppData\Local\Temp\cc8g7PsS.s 			page 22


 859              		.loc 1 306 54 discriminator 2 view .LVU298
 860 003a 9368     		ldr	r3, [r2, #8]
 861              		.loc 1 306 44 discriminator 2 view .LVU299
 862 003c 13B1     		cbz	r3, .L47
 307:CANopen/example/CO_driver_blank.c ****             buffer->CANrx_callback(buffer->object, (void*)rcvMsg);
 863              		.loc 1 307 13 is_stmt 1 view .LVU300
 864 003e 0021     		movs	r1, #0
 865 0040 5068     		ldr	r0, [r2, #4]
 866 0042 9847     		blx	r3
 867              	.LVL88:
 868              	.LBE5:
 308:CANopen/example/CO_driver_blank.c ****         }
 309:CANopen/example/CO_driver_blank.c **** 
 310:CANopen/example/CO_driver_blank.c ****         /* Clear interrupt flag */
 311:CANopen/example/CO_driver_blank.c ****     }
 312:CANopen/example/CO_driver_blank.c **** 
 313:CANopen/example/CO_driver_blank.c ****     /* transmit interrupt */
 314:CANopen/example/CO_driver_blank.c ****     else if (0) {
 315:CANopen/example/CO_driver_blank.c ****         /* Clear interrupt flag */
 316:CANopen/example/CO_driver_blank.c **** 
 317:CANopen/example/CO_driver_blank.c ****         /* First CAN message (bootup) was sent successfully */
 318:CANopen/example/CO_driver_blank.c ****         CANmodule->firstCANtxMessage = false;
 319:CANopen/example/CO_driver_blank.c ****         /* clear flag from previous message */
 320:CANopen/example/CO_driver_blank.c ****         CANmodule->bufferInhibitFlag = false;
 321:CANopen/example/CO_driver_blank.c ****         /* Are there any new messages waiting to be send */
 322:CANopen/example/CO_driver_blank.c ****         if (CANmodule->CANtxCount > 0U) {
 323:CANopen/example/CO_driver_blank.c ****             uint16_t i; /* index of transmitting message */
 324:CANopen/example/CO_driver_blank.c **** 
 325:CANopen/example/CO_driver_blank.c ****             /* first buffer */
 326:CANopen/example/CO_driver_blank.c ****             CO_CANtx_t* buffer = &CANmodule->txArray[0];
 327:CANopen/example/CO_driver_blank.c ****             /* search through whole array of pointers to transmit message buffers. */
 328:CANopen/example/CO_driver_blank.c ****             for (i = CANmodule->txSize; i > 0U; i--) {
 329:CANopen/example/CO_driver_blank.c ****                 /* if message buffer is full, send it. */
 330:CANopen/example/CO_driver_blank.c ****                 if (buffer->bufferFull) {
 331:CANopen/example/CO_driver_blank.c ****                     buffer->bufferFull = false;
 332:CANopen/example/CO_driver_blank.c ****                     CANmodule->CANtxCount--;
 333:CANopen/example/CO_driver_blank.c **** 
 334:CANopen/example/CO_driver_blank.c ****                     /* Copy message to CAN buffer */
 335:CANopen/example/CO_driver_blank.c ****                     CANmodule->bufferInhibitFlag = buffer->syncFlag;
 336:CANopen/example/CO_driver_blank.c ****                     /* canSend... */
 337:CANopen/example/CO_driver_blank.c ****                     break; /* exit for loop */
 338:CANopen/example/CO_driver_blank.c ****                 }
 339:CANopen/example/CO_driver_blank.c ****                 buffer++;
 340:CANopen/example/CO_driver_blank.c ****             } /* end of for loop */
 341:CANopen/example/CO_driver_blank.c **** 
 342:CANopen/example/CO_driver_blank.c ****             /* Clear counter if no more messages */
 343:CANopen/example/CO_driver_blank.c ****             if (i == 0U) {
 344:CANopen/example/CO_driver_blank.c ****                 CANmodule->CANtxCount = 0U;
 345:CANopen/example/CO_driver_blank.c ****             }
 346:CANopen/example/CO_driver_blank.c ****         }
 347:CANopen/example/CO_driver_blank.c ****     } else {
 348:CANopen/example/CO_driver_blank.c ****         /* some other interrupt reason */
 349:CANopen/example/CO_driver_blank.c ****     }
 869              		.loc 1 349 5 view .LVU301
 870              	.L47:
 350:CANopen/example/CO_driver_blank.c **** }
 871              		.loc 1 350 1 is_stmt 0 view .LVU302
ARM GAS  C:\Users\Lenovo\AppData\Local\Temp\cc8g7PsS.s 			page 23


 872 0044 38BD     		pop	{r3, r4, r5, pc}
 873              		.loc 1 350 1 view .LVU303
 874              		.cfi_endproc
 875              	.LFE15:
 877              		.text
 878              	.Letext0:
 879              		.file 2 "D:\\vscode\\stm32cubecltv122\\stm32cubeclt_1.22.0-Win-x86_64.exe\\anzhuang\\STM32CubeCLT_
 880              		.file 3 "D:\\vscode\\stm32cubecltv122\\stm32cubeclt_1.22.0-Win-x86_64.exe\\anzhuang\\STM32CubeCLT_
 881              		.file 4 "D:\\vscode\\stm32cubecltv122\\stm32cubeclt_1.22.0-Win-x86_64.exe\\anzhuang\\STM32CubeCLT_
 882              		.file 5 "CANopen/example/CO_driver_target.h"
 883              		.file 6 "CANopen/301/CO_driver.h"
ARM GAS  C:\Users\Lenovo\AppData\Local\Temp\cc8g7PsS.s 			page 24


DEFINED SYMBOLS
                            *ABS*:00000000 CO_driver_blank.c
C:\Users\Lenovo\AppData\Local\Temp\cc8g7PsS.s:21     .text.CO_CANsetConfigurationMode:00000000 $t
C:\Users\Lenovo\AppData\Local\Temp\cc8g7PsS.s:27     .text.CO_CANsetConfigurationMode:00000000 CO_CANsetConfigurationMode
C:\Users\Lenovo\AppData\Local\Temp\cc8g7PsS.s:41     .text.CO_CANsetNormalMode:00000000 $t
C:\Users\Lenovo\AppData\Local\Temp\cc8g7PsS.s:47     .text.CO_CANsetNormalMode:00000000 CO_CANsetNormalMode
C:\Users\Lenovo\AppData\Local\Temp\cc8g7PsS.s:65     .text.CO_CANmodule_init:00000000 $t
C:\Users\Lenovo\AppData\Local\Temp\cc8g7PsS.s:71     .text.CO_CANmodule_init:00000000 CO_CANmodule_init
C:\Users\Lenovo\AppData\Local\Temp\cc8g7PsS.s:243    .text.CO_CANmodule_disable:00000000 $t
C:\Users\Lenovo\AppData\Local\Temp\cc8g7PsS.s:249    .text.CO_CANmodule_disable:00000000 CO_CANmodule_disable
C:\Users\Lenovo\AppData\Local\Temp\cc8g7PsS.s:265    .text.CO_CANrxBufferInit:00000000 $t
C:\Users\Lenovo\AppData\Local\Temp\cc8g7PsS.s:271    .text.CO_CANrxBufferInit:00000000 CO_CANrxBufferInit
C:\Users\Lenovo\AppData\Local\Temp\cc8g7PsS.s:384    .text.CO_CANtxBufferInit:00000000 $t
C:\Users\Lenovo\AppData\Local\Temp\cc8g7PsS.s:390    .text.CO_CANtxBufferInit:00000000 CO_CANtxBufferInit
C:\Users\Lenovo\AppData\Local\Temp\cc8g7PsS.s:477    .text.CO_CANsend:00000000 $t
C:\Users\Lenovo\AppData\Local\Temp\cc8g7PsS.s:483    .text.CO_CANsend:00000000 CO_CANsend
C:\Users\Lenovo\AppData\Local\Temp\cc8g7PsS.s:564    .text.CO_CANclearPendingSyncPDOs:00000000 $t
C:\Users\Lenovo\AppData\Local\Temp\cc8g7PsS.s:570    .text.CO_CANclearPendingSyncPDOs:00000000 CO_CANclearPendingSyncPDOs
C:\Users\Lenovo\AppData\Local\Temp\cc8g7PsS.s:688    .text.CO_CANmodule_process:00000000 $t
C:\Users\Lenovo\AppData\Local\Temp\cc8g7PsS.s:694    .text.CO_CANmodule_process:00000000 CO_CANmodule_process
C:\Users\Lenovo\AppData\Local\Temp\cc8g7PsS.s:748    .text.CO_CANinterrupt:00000000 $t
C:\Users\Lenovo\AppData\Local\Temp\cc8g7PsS.s:754    .text.CO_CANinterrupt:00000000 CO_CANinterrupt
                           .group:00000000 wm4.0.35f3e76e42575b99374c7d5ae37ca977
                           .group:00000000 wm4._newlib_version.h.4.0eb654b64686e2bd29646258853f6c22
                           .group:00000000 wm4.newlib.h.27.b904f6f8971bd921b436e5701877de32
                           .group:00000000 wm4.ieeefp.h.77.61a77db5804869b1dadd307a77cf78c9
                           .group:00000000 wm4.features.h.22.4b93ad64e0d80833c46a20ecae380bb0
                           .group:00000000 wm4.config.h.224.10ee1ad185d877c6e334e6581faab44d
                           .group:00000000 wm4._ansi.h.31.de524f58584151836e90d8620a16f8e8
                           .group:00000000 wm4.stddef.h.39.811583f327f35b0df7808fda70b062a0
                           .group:00000000 wm4._default_types.h.6.959254cf5f09734ea7516c89e8bb21bd
                           .group:00000000 wm4.cdefs.h.49.56fd742369e655e7e8a7e365e706e208
                           .group:00000000 wm4._types.h.20.dd0d04dca3800a0d2a6129b87f3adbb2
                           .group:00000000 wm4.stddef.h.173.4903093a50a8482cb062b176ea61fac3
                           .group:00000000 wm4._types.h.127.3bdfe3ff8ea2d0985b03d9cbe93480e3
                           .group:00000000 wm4.reent.h.18.25503cdc8b7e55dd0d6ea7b3e5af7a03
                           .group:00000000 wm4.lock.h.2.1461d1fff82dffe8bfddc23307f6484f
                           .group:00000000 wm4.reent.h.78.6d702f69a6d6435d2dbe915b10150b1a
                           .group:00000000 wm4.string.h.15.dab3980bf35408a4c507182805e2de3a
                           .group:00000000 wm4.stddef.h.173.1cea4f16a943c8e875db6791959c3141
                           .group:00000000 wm4.string.h.177.59a005921fa78485abc80a0267de5752
                           .group:00000000 wm4.CO_config.h.22.452d50582397b0b53966b3c1806ccf35
                           .group:00000000 wm4.stdbool.h.29.c08aa3eec75cf5b9b5003883f43253f0
                           .group:00000000 wm4._intsup.h.10.48bafbb683905c4daa4565a85aeeb264
                           .group:00000000 wm4._stdint.h.10.c24fa3af3bc1706662bb5593a907e841
                           .group:00000000 wm4.stdint.h.23.d53047a68f4a85177f80b422d52785ed
                           .group:00000000 wm4.CO_driver_target.h.41.ddd9ad301db6ca3aeb9eb6b4ba80bd58
                           .group:00000000 wm4.CO_driver.h.35.ff7c66b5b3baf7d65aef1dd87f3079c4

NO UNDEFINED SYMBOLS
