ARM GAS  C:\Users\Lenovo\AppData\Local\Temp\ccYLxqk5.s 			page 1


   1              		.cpu cortex-m4
   2              		.arch armv7e-m
   3              		.fpu fpv4-sp-d16
   4              		.eabi_attribute 27, 1
   5              		.eabi_attribute 28, 1
   6              		.eabi_attribute 20, 1
   7              		.eabi_attribute 21, 1
   8              		.eabi_attribute 23, 3
   9              		.eabi_attribute 24, 1
  10              		.eabi_attribute 25, 1
  11              		.eabi_attribute 26, 1
  12              		.eabi_attribute 30, 1
  13              		.eabi_attribute 34, 1
  14              		.eabi_attribute 18, 4
  15              		.file	"CO_storageBlank.c"
  16              		.text
  17              	.Ltext0:
  18              		.cfi_sections	.debug_frame
  19              		.file 1 "CANopen/example/CO_storageBlank.c"
  20              		.section	.text.storeBlank,"ax",%progbits
  21              		.align	1
  22              		.syntax unified
  23              		.thumb
  24              		.thumb_func
  26              	storeBlank:
  27              	.LVL0:
  28              	.LFB32:
   1:CANopen/example/CO_storageBlank.c **** /*
   2:CANopen/example/CO_storageBlank.c ****  * CANopen Object Dictionary storage object (blank example).
   3:CANopen/example/CO_storageBlank.c ****  *
   4:CANopen/example/CO_storageBlank.c ****  * @file        CO_storageBlank.c
   5:CANopen/example/CO_storageBlank.c ****  * @author      Janez Paternoster
   6:CANopen/example/CO_storageBlank.c ****  * @copyright   2021 Janez Paternoster
   7:CANopen/example/CO_storageBlank.c ****  *
   8:CANopen/example/CO_storageBlank.c ****  * This file is part of <https://github.com/CANopenNode/CANopenNode>, a CANopen Stack.
   9:CANopen/example/CO_storageBlank.c ****  *
  10:CANopen/example/CO_storageBlank.c ****  * Licensed under the Apache License, Version 2.0 (the "License"); you may not use this
  11:CANopen/example/CO_storageBlank.c ****  * file except in compliance with the License. You may obtain a copy of the License at
  12:CANopen/example/CO_storageBlank.c ****  *
  13:CANopen/example/CO_storageBlank.c ****  *     http://www.apache.org/licenses/LICENSE-2.0
  14:CANopen/example/CO_storageBlank.c ****  *
  15:CANopen/example/CO_storageBlank.c ****  * Unless required by applicable law or agreed to in writing, software distributed under the Licens
  16:CANopen/example/CO_storageBlank.c ****  * distributed on an "AS IS" BASIS, WITHOUT WARRANTIES OR CONDITIONS OF ANY KIND, either express or
  17:CANopen/example/CO_storageBlank.c ****  * See the License for the specific language governing permissions and limitations under the Licens
  18:CANopen/example/CO_storageBlank.c ****  */
  19:CANopen/example/CO_storageBlank.c **** 
  20:CANopen/example/CO_storageBlank.c **** #include "CO_storageBlank.h"
  21:CANopen/example/CO_storageBlank.c **** 
  22:CANopen/example/CO_storageBlank.c **** #if (CO_CONFIG_STORAGE) & CO_CONFIG_STORAGE_ENABLE
  23:CANopen/example/CO_storageBlank.c **** 
  24:CANopen/example/CO_storageBlank.c **** /*
  25:CANopen/example/CO_storageBlank.c ****  * Function for writing data on "Store parameters" command - OD object 1010
  26:CANopen/example/CO_storageBlank.c ****  *
  27:CANopen/example/CO_storageBlank.c ****  * For more information see file CO_storage.h, CO_storage_entry_t.
  28:CANopen/example/CO_storageBlank.c ****  */
  29:CANopen/example/CO_storageBlank.c **** static ODR_t
  30:CANopen/example/CO_storageBlank.c **** storeBlank(CO_storage_entry_t* entry, CO_CANmodule_t* CANmodule) {
ARM GAS  C:\Users\Lenovo\AppData\Local\Temp\ccYLxqk5.s 			page 2


  29              		.loc 1 30 66 view -0
  30              		.cfi_startproc
  31              		@ args = 0, pretend = 0, frame = 0
  32              		@ frame_needed = 0, uses_anonymous_args = 0
  33              		@ link register save eliminated.
  31:CANopen/example/CO_storageBlank.c **** 
  32:CANopen/example/CO_storageBlank.c ****     /* Open a file and write data to it */
  33:CANopen/example/CO_storageBlank.c ****     /* file = open(entry->pathToFileOrPointerToMemory); */
  34:CANopen/example/CO_storageBlank.c ****     /* write(entry->addr, entry->len, file); */
  35:CANopen/example/CO_storageBlank.c **** 
  36:CANopen/example/CO_storageBlank.c ****     return ODR_OK;
  34              		.loc 1 36 5 view .LVU1
  37:CANopen/example/CO_storageBlank.c **** }
  35              		.loc 1 37 1 is_stmt 0 view .LVU2
  36 0000 0020     		movs	r0, #0
  37              	.LVL1:
  38              		.loc 1 37 1 view .LVU3
  39 0002 7047     		bx	lr
  40              		.cfi_endproc
  41              	.LFE32:
  43              		.section	.text.restoreBlank,"ax",%progbits
  44              		.align	1
  45              		.syntax unified
  46              		.thumb
  47              		.thumb_func
  49              	restoreBlank:
  50              	.LVL2:
  51              	.LFB33:
  38:CANopen/example/CO_storageBlank.c **** 
  39:CANopen/example/CO_storageBlank.c **** /*
  40:CANopen/example/CO_storageBlank.c ****  * Function for restoring data on "Restore default parameters" command - OD 1011
  41:CANopen/example/CO_storageBlank.c ****  *
  42:CANopen/example/CO_storageBlank.c ****  * For more information see file CO_storage.h, CO_storage_entry_t.
  43:CANopen/example/CO_storageBlank.c ****  */
  44:CANopen/example/CO_storageBlank.c **** static ODR_t
  45:CANopen/example/CO_storageBlank.c **** restoreBlank(CO_storage_entry_t* entry, CO_CANmodule_t* CANmodule) {
  52              		.loc 1 45 68 is_stmt 1 view -0
  53              		.cfi_startproc
  54              		@ args = 0, pretend = 0, frame = 0
  55              		@ frame_needed = 0, uses_anonymous_args = 0
  56              		@ link register save eliminated.
  46:CANopen/example/CO_storageBlank.c **** 
  47:CANopen/example/CO_storageBlank.c ****     /* disable (delete) the file, so default values will stay after startup */
  48:CANopen/example/CO_storageBlank.c **** 
  49:CANopen/example/CO_storageBlank.c ****     return ODR_OK;
  57              		.loc 1 49 5 view .LVU5
  50:CANopen/example/CO_storageBlank.c **** }
  58              		.loc 1 50 1 is_stmt 0 view .LVU6
  59 0000 0020     		movs	r0, #0
  60              	.LVL3:
  61              		.loc 1 50 1 view .LVU7
  62 0002 7047     		bx	lr
  63              		.cfi_endproc
  64              	.LFE33:
  66              		.section	.text.CO_storageBlank_init,"ax",%progbits
  67              		.align	1
  68              		.global	CO_storageBlank_init
ARM GAS  C:\Users\Lenovo\AppData\Local\Temp\ccYLxqk5.s 			page 3


  69              		.syntax unified
  70              		.thumb
  71              		.thumb_func
  73              	CO_storageBlank_init:
  74              	.LVL4:
  75              	.LFB34:
  51:CANopen/example/CO_storageBlank.c **** 
  52:CANopen/example/CO_storageBlank.c **** CO_ReturnError_t
  53:CANopen/example/CO_storageBlank.c **** CO_storageBlank_init(CO_storage_t* storage, CO_CANmodule_t* CANmodule, OD_entry_t* OD_1010_StorePar
  54:CANopen/example/CO_storageBlank.c ****                      OD_entry_t* OD_1011_RestoreDefaultParam, CO_storage_entry_t* entries, uint8_t 
  55:CANopen/example/CO_storageBlank.c ****                      uint32_t* storageInitError) {
  76              		.loc 1 55 50 is_stmt 1 view -0
  77              		.cfi_startproc
  78              		@ args = 12, pretend = 0, frame = 0
  79              		@ frame_needed = 0, uses_anonymous_args = 0
  80              		.loc 1 55 50 is_stmt 0 view .LVU9
  81 0000 F0B5     		push	{r4, r5, r6, r7, lr}
  82              	.LCFI0:
  83              		.cfi_def_cfa_offset 20
  84              		.cfi_offset 4, -20
  85              		.cfi_offset 5, -16
  86              		.cfi_offset 6, -12
  87              		.cfi_offset 7, -8
  88              		.cfi_offset 14, -4
  89 0002 85B0     		sub	sp, sp, #20
  90              	.LCFI1:
  91              		.cfi_def_cfa_offset 40
  92 0004 0A9C     		ldr	r4, [sp, #40]
  93 0006 9DF82C50 		ldrb	r5, [sp, #44]	@ zero_extendqisi2
  94 000a 0C9E     		ldr	r6, [sp, #48]
  56:CANopen/example/CO_storageBlank.c ****     CO_ReturnError_t ret;
  95              		.loc 1 56 5 is_stmt 1 view .LVU10
  57:CANopen/example/CO_storageBlank.c **** 
  58:CANopen/example/CO_storageBlank.c ****     /* verify arguments */
  59:CANopen/example/CO_storageBlank.c ****     if (storage == NULL || entries == NULL || entriesCount == 0 || storageInitError == NULL) {
  96              		.loc 1 59 5 view .LVU11
  97              		.loc 1 59 8 is_stmt 0 view .LVU12
  98 000c 20B3     		cbz	r0, .L9
  99 000e 0746     		mov	r7, r0
 100              		.loc 1 59 25 discriminator 1 view .LVU13
 101 0010 2CB3     		cbz	r4, .L10
 102              		.loc 1 59 44 discriminator 2 view .LVU14
 103 0012 3DB3     		cbz	r5, .L11
 104              		.loc 1 59 65 discriminator 3 view .LVU15
 105 0014 4EB3     		cbz	r6, .L12
  60:CANopen/example/CO_storageBlank.c ****         return CO_ERROR_ILLEGAL_ARGUMENT;
  61:CANopen/example/CO_storageBlank.c ****     }
  62:CANopen/example/CO_storageBlank.c **** 
  63:CANopen/example/CO_storageBlank.c ****     /* initialize storage and OD extensions */
  64:CANopen/example/CO_storageBlank.c ****     ret = CO_storage_init(storage, CANmodule, OD_1010_StoreParameters, OD_1011_RestoreDefaultParam,
 106              		.loc 1 64 5 is_stmt 1 view .LVU16
 107              		.loc 1 64 11 is_stmt 0 view .LVU17
 108 0016 0395     		str	r5, [sp, #12]
 109 0018 0294     		str	r4, [sp, #8]
 110 001a 1548     		ldr	r0, .L14
 111              	.LVL5:
 112              		.loc 1 64 11 view .LVU18
ARM GAS  C:\Users\Lenovo\AppData\Local\Temp\ccYLxqk5.s 			page 4


 113 001c 0190     		str	r0, [sp, #4]
 114 001e 1548     		ldr	r0, .L14+4
 115 0020 0090     		str	r0, [sp]
 116 0022 3846     		mov	r0, r7
 117 0024 FFF7FEFF 		bl	CO_storage_init
 118              	.LVL6:
 119              		.loc 1 64 11 view .LVU19
 120 0028 0346     		mov	r3, r0
 121              	.LVL7:
  65:CANopen/example/CO_storageBlank.c ****                           restoreBlank, entries, entriesCount);
  66:CANopen/example/CO_storageBlank.c ****     if (ret != CO_ERROR_NO) {
 122              		.loc 1 66 5 is_stmt 1 view .LVU20
 123              		.loc 1 66 8 is_stmt 0 view .LVU21
 124 002a 98B9     		cbnz	r0, .L4
  67:CANopen/example/CO_storageBlank.c ****         return ret;
  68:CANopen/example/CO_storageBlank.c ****     }
  69:CANopen/example/CO_storageBlank.c **** 
  70:CANopen/example/CO_storageBlank.c ****     /* initialize entries */
  71:CANopen/example/CO_storageBlank.c ****     *storageInitError = 0;
 125              		.loc 1 71 5 is_stmt 1 view .LVU22
 126              		.loc 1 71 23 is_stmt 0 view .LVU23
 127 002c 3060     		str	r0, [r6]
  72:CANopen/example/CO_storageBlank.c ****     for (uint8_t i = 0; i < entriesCount; i++) {
 128              		.loc 1 72 5 is_stmt 1 view .LVU24
 129              	.LBB2:
 130              		.loc 1 72 10 view .LVU25
 131              	.LVL8:
 132              	.L5:
 133              		.loc 1 72 27 discriminator 1 view .LVU26
 134 002e AB42     		cmp	r3, r5
 135 0030 10D2     		bcs	.L4
 136              	.LBB3:
  73:CANopen/example/CO_storageBlank.c ****         CO_storage_entry_t* entry = &entries[i];
 137              		.loc 1 73 9 view .LVU27
 138              		.loc 1 73 45 is_stmt 0 view .LVU28
 139 0032 1F46     		mov	r7, r3
 140 0034 1A01     		lsls	r2, r3, #4
 141              		.loc 1 73 29 view .LVU29
 142 0036 04EB0311 		add	r1, r4, r3, lsl #4
 143              	.LVL9:
  74:CANopen/example/CO_storageBlank.c **** 
  75:CANopen/example/CO_storageBlank.c ****         /* verify arguments */
  76:CANopen/example/CO_storageBlank.c ****         if (entry->addr == NULL || entry->len == 0 || entry->subIndexOD < 2) {
 144              		.loc 1 76 9 is_stmt 1 view .LVU30
 145              		.loc 1 76 18 is_stmt 0 view .LVU31
 146 003a A258     		ldr	r2, [r4, r2]
 147              		.loc 1 76 12 view .LVU32
 148 003c 3AB1     		cbz	r2, .L6
 149              		.loc 1 76 41 discriminator 1 view .LVU33
 150 003e 4A68     		ldr	r2, [r1, #4]
 151              		.loc 1 76 33 discriminator 1 view .LVU34
 152 0040 2AB1     		cbz	r2, .L6
 153              		.loc 1 76 60 discriminator 2 view .LVU35
 154 0042 0A7A     		ldrb	r2, [r1, #8]	@ zero_extendqisi2
 155              		.loc 1 76 52 discriminator 2 view .LVU36
 156 0044 012A     		cmp	r2, #1
 157 0046 02D9     		bls	.L6
ARM GAS  C:\Users\Lenovo\AppData\Local\Temp\ccYLxqk5.s 			page 5


 158              	.LBE3:
  72:CANopen/example/CO_storageBlank.c ****         CO_storage_entry_t* entry = &entries[i];
 159              		.loc 1 72 44 is_stmt 1 discriminator 2 view .LVU37
 160 0048 0133     		adds	r3, r3, #1
 161              	.LVL10:
  72:CANopen/example/CO_storageBlank.c ****         CO_storage_entry_t* entry = &entries[i];
 162              		.loc 1 72 44 is_stmt 0 discriminator 2 view .LVU38
 163 004a DBB2     		uxtb	r3, r3
 164 004c EFE7     		b	.L5
 165              	.LVL11:
 166              	.L6:
 167              	.LBB4:
  77:CANopen/example/CO_storageBlank.c ****             *storageInitError = i;
 168              		.loc 1 77 13 is_stmt 1 view .LVU39
 169              		.loc 1 77 31 is_stmt 0 view .LVU40
 170 004e 3760     		str	r7, [r6]
  78:CANopen/example/CO_storageBlank.c ****             return CO_ERROR_ILLEGAL_ARGUMENT;
 171              		.loc 1 78 13 is_stmt 1 view .LVU41
 172              		.loc 1 78 20 is_stmt 0 view .LVU42
 173 0050 4FF0FF30 		mov	r0, #-1
 174              	.LVL12:
 175              	.L4:
 176              		.loc 1 78 20 view .LVU43
 177              	.LBE4:
 178              	.LBE2:
  79:CANopen/example/CO_storageBlank.c ****         }
  80:CANopen/example/CO_storageBlank.c **** 
  81:CANopen/example/CO_storageBlank.c ****         /* Open a file and read data from file to entry->addr */
  82:CANopen/example/CO_storageBlank.c ****         /* file = open(entry->pathToFileOrPointerToMemory); */
  83:CANopen/example/CO_storageBlank.c ****         /* read(entry->addr, entry->len, file); */
  84:CANopen/example/CO_storageBlank.c ****     }
  85:CANopen/example/CO_storageBlank.c **** 
  86:CANopen/example/CO_storageBlank.c ****     return ret;
  87:CANopen/example/CO_storageBlank.c **** }
 179              		.loc 1 87 1 view .LVU44
 180 0054 05B0     		add	sp, sp, #20
 181              	.LCFI2:
 182              		.cfi_remember_state
 183              		.cfi_def_cfa_offset 20
 184              		@ sp needed
 185 0056 F0BD     		pop	{r4, r5, r6, r7, pc}
 186              	.LVL13:
 187              	.L9:
 188              	.LCFI3:
 189              		.cfi_restore_state
  60:CANopen/example/CO_storageBlank.c ****     }
 190              		.loc 1 60 16 view .LVU45
 191 0058 4FF0FF30 		mov	r0, #-1
 192              	.LVL14:
  60:CANopen/example/CO_storageBlank.c ****     }
 193              		.loc 1 60 16 view .LVU46
 194 005c FAE7     		b	.L4
 195              	.LVL15:
 196              	.L10:
  60:CANopen/example/CO_storageBlank.c ****     }
 197              		.loc 1 60 16 view .LVU47
 198 005e 4FF0FF30 		mov	r0, #-1
ARM GAS  C:\Users\Lenovo\AppData\Local\Temp\ccYLxqk5.s 			page 6


 199              	.LVL16:
  60:CANopen/example/CO_storageBlank.c ****     }
 200              		.loc 1 60 16 view .LVU48
 201 0062 F7E7     		b	.L4
 202              	.LVL17:
 203              	.L11:
  60:CANopen/example/CO_storageBlank.c ****     }
 204              		.loc 1 60 16 view .LVU49
 205 0064 4FF0FF30 		mov	r0, #-1
 206              	.LVL18:
  60:CANopen/example/CO_storageBlank.c ****     }
 207              		.loc 1 60 16 view .LVU50
 208 0068 F4E7     		b	.L4
 209              	.LVL19:
 210              	.L12:
  60:CANopen/example/CO_storageBlank.c ****     }
 211              		.loc 1 60 16 view .LVU51
 212 006a 4FF0FF30 		mov	r0, #-1
 213              	.LVL20:
  60:CANopen/example/CO_storageBlank.c ****     }
 214              		.loc 1 60 16 view .LVU52
 215 006e F1E7     		b	.L4
 216              	.L15:
 217              		.align	2
 218              	.L14:
 219 0070 00000000 		.word	restoreBlank
 220 0074 00000000 		.word	storeBlank
 221              		.cfi_endproc
 222              	.LFE34:
 224              		.text
 225              	.Letext0:
 226              		.file 2 "D:\\vscode\\stm32cubecltv122\\stm32cubeclt_1.22.0-Win-x86_64.exe\\anzhuang\\STM32CubeCLT_
 227              		.file 3 "D:\\vscode\\stm32cubecltv122\\stm32cubeclt_1.22.0-Win-x86_64.exe\\anzhuang\\STM32CubeCLT_
 228              		.file 4 "D:\\vscode\\stm32cubecltv122\\stm32cubeclt_1.22.0-Win-x86_64.exe\\anzhuang\\STM32CubeCLT_
 229              		.file 5 "D:\\vscode\\stm32cubecltv122\\stm32cubeclt_1.22.0-Win-x86_64.exe\\anzhuang\\STM32CubeCLT_
 230              		.file 6 "CANopen/example/CO_driver_target.h"
 231              		.file 7 "CANopen/301/CO_driver.h"
 232              		.file 8 "CANopen/301/CO_ODinterface.h"
 233              		.file 9 "CANopen/storage/CO_storage.h"
ARM GAS  C:\Users\Lenovo\AppData\Local\Temp\ccYLxqk5.s 			page 7


DEFINED SYMBOLS
                            *ABS*:00000000 CO_storageBlank.c
C:\Users\Lenovo\AppData\Local\Temp\ccYLxqk5.s:21     .text.storeBlank:00000000 $t
C:\Users\Lenovo\AppData\Local\Temp\ccYLxqk5.s:26     .text.storeBlank:00000000 storeBlank
C:\Users\Lenovo\AppData\Local\Temp\ccYLxqk5.s:44     .text.restoreBlank:00000000 $t
C:\Users\Lenovo\AppData\Local\Temp\ccYLxqk5.s:49     .text.restoreBlank:00000000 restoreBlank
C:\Users\Lenovo\AppData\Local\Temp\ccYLxqk5.s:67     .text.CO_storageBlank_init:00000000 $t
C:\Users\Lenovo\AppData\Local\Temp\ccYLxqk5.s:73     .text.CO_storageBlank_init:00000000 CO_storageBlank_init
C:\Users\Lenovo\AppData\Local\Temp\ccYLxqk5.s:219    .text.CO_storageBlank_init:00000070 $d
                           .group:00000000 wm4.0.35f3e76e42575b99374c7d5ae37ca977
                           .group:00000000 wm4._newlib_version.h.4.0eb654b64686e2bd29646258853f6c22
                           .group:00000000 wm4.newlib.h.27.b904f6f8971bd921b436e5701877de32
                           .group:00000000 wm4.ieeefp.h.77.61a77db5804869b1dadd307a77cf78c9
                           .group:00000000 wm4.features.h.22.4b93ad64e0d80833c46a20ecae380bb0
                           .group:00000000 wm4.config.h.224.10ee1ad185d877c6e334e6581faab44d
                           .group:00000000 wm4._ansi.h.31.de524f58584151836e90d8620a16f8e8
                           .group:00000000 wm4.stddef.h.39.811583f327f35b0df7808fda70b062a0
                           .group:00000000 wm4._default_types.h.6.959254cf5f09734ea7516c89e8bb21bd
                           .group:00000000 wm4.cdefs.h.49.56fd742369e655e7e8a7e365e706e208
                           .group:00000000 wm4._types.h.20.dd0d04dca3800a0d2a6129b87f3adbb2
                           .group:00000000 wm4.stddef.h.173.4903093a50a8482cb062b176ea61fac3
                           .group:00000000 wm4._types.h.127.3bdfe3ff8ea2d0985b03d9cbe93480e3
                           .group:00000000 wm4.reent.h.18.25503cdc8b7e55dd0d6ea7b3e5af7a03
                           .group:00000000 wm4.lock.h.2.1461d1fff82dffe8bfddc23307f6484f
                           .group:00000000 wm4.reent.h.78.6d702f69a6d6435d2dbe915b10150b1a
                           .group:00000000 wm4.string.h.15.dab3980bf35408a4c507182805e2de3a
                           .group:00000000 wm4.stddef.h.173.1cea4f16a943c8e875db6791959c3141
                           .group:00000000 wm4.string.h.177.59a005921fa78485abc80a0267de5752
                           .group:00000000 wm4.CO_config.h.22.452d50582397b0b53966b3c1806ccf35
                           .group:00000000 wm4.stdbool.h.29.c08aa3eec75cf5b9b5003883f43253f0
                           .group:00000000 wm4._intsup.h.10.48bafbb683905c4daa4565a85aeeb264
                           .group:00000000 wm4._stdint.h.10.c24fa3af3bc1706662bb5593a907e841
                           .group:00000000 wm4.stdint.h.23.d53047a68f4a85177f80b422d52785ed
                           .group:00000000 wm4.CO_driver_target.h.41.ddd9ad301db6ca3aeb9eb6b4ba80bd58
                           .group:00000000 wm4.CO_driver.h.35.ff7c66b5b3baf7d65aef1dd87f3079c4
                           .group:00000000 wm4.CO_ODinterface.h.22.cd716bb058f440300efc08854f292063

UNDEFINED SYMBOLS
CO_storage_init
