ARM GAS  C:\Users\Lenovo\AppData\Local\Temp\ccbKwsSa.s 			page 1


   1              		.cpu cortex-m4
   2              		.arch armv7e-m
   3              		.fpu fpv4-sp-d16
   4              		.eabi_attribute 27, 1
   5              		.eabi_attribute 28, 1
   6              		.eabi_attribute 20, 1
   7              		.eabi_attribute 21, 1
   8              		.eabi_attribute 23, 3
   9              		.eabi_attribute 24, 1
  10              		.eabi_attribute 25, 1
  11              		.eabi_attribute 26, 1
  12              		.eabi_attribute 30, 1
  13              		.eabi_attribute 34, 1
  14              		.eabi_attribute 18, 4
  15              		.file	"OD.c"
  16              		.text
  17              	.Ltext0:
  18              		.cfi_sections	.debug_frame
  19              		.file 1 "CANopen/example/OD.c"
  20              		.global	OD
  21              		.section	.data.OD,"aw"
  22              		.align	2
  25              	OD:
  26 0000 00000000 		.word	_OD
  27              		.section	.data._OD,"aw"
  28              		.align	2
  31              	_OD:
  32 0000 2100     		.short	33
  33 0002 0000     		.space	2
  34 0004 00000000 		.word	ODList
  35              		.section	.data.ODList,"aw"
  36              		.align	2
  39              	ODList:
  40 0000 0010     		.short	4096
  41 0002 01       		.byte	1
  42 0003 01       		.byte	1
  43 0004 00000000 		.word	ODObjs
  44 0008 00000000 		.word	0
  45 000c 0110     		.short	4097
  46 000e 01       		.byte	1
  47 000f 01       		.byte	1
  48 0010 0C000000 		.word	ODObjs+12
  49 0014 00000000 		.word	0
  50 0018 0310     		.short	4099
  51 001a 11       		.byte	17
  52 001b 02       		.byte	2
  53 001c 18000000 		.word	ODObjs+24
  54 0020 00000000 		.word	0
  55 0024 0510     		.short	4101
  56 0026 01       		.byte	1
  57 0027 01       		.byte	1
  58 0028 2C000000 		.word	ODObjs+44
  59 002c 00000000 		.word	0
  60 0030 0610     		.short	4102
  61 0032 01       		.byte	1
  62 0033 01       		.byte	1
  63 0034 38000000 		.word	ODObjs+56
ARM GAS  C:\Users\Lenovo\AppData\Local\Temp\ccbKwsSa.s 			page 2


  64 0038 00000000 		.word	0
  65 003c 0710     		.short	4103
  66 003e 01       		.byte	1
  67 003f 01       		.byte	1
  68 0040 44000000 		.word	ODObjs+68
  69 0044 00000000 		.word	0
  70 0048 1010     		.short	4112
  71 004a 05       		.byte	5
  72 004b 02       		.byte	2
  73 004c 50000000 		.word	ODObjs+80
  74 0050 00000000 		.word	0
  75 0054 1110     		.short	4113
  76 0056 05       		.byte	5
  77 0057 02       		.byte	2
  78 0058 64000000 		.word	ODObjs+100
  79 005c 00000000 		.word	0
  80 0060 1210     		.short	4114
  81 0062 01       		.byte	1
  82 0063 01       		.byte	1
  83 0064 78000000 		.word	ODObjs+120
  84 0068 00000000 		.word	0
  85 006c 1410     		.short	4116
  86 006e 01       		.byte	1
  87 006f 01       		.byte	1
  88 0070 84000000 		.word	ODObjs+132
  89 0074 00000000 		.word	0
  90 0078 1510     		.short	4117
  91 007a 01       		.byte	1
  92 007b 01       		.byte	1
  93 007c 90000000 		.word	ODObjs+144
  94 0080 00000000 		.word	0
  95 0084 1610     		.short	4118
  96 0086 09       		.byte	9
  97 0087 02       		.byte	2
  98 0088 9C000000 		.word	ODObjs+156
  99 008c 00000000 		.word	0
 100 0090 1710     		.short	4119
 101 0092 01       		.byte	1
 102 0093 01       		.byte	1
 103 0094 B0000000 		.word	ODObjs+176
 104 0098 00000000 		.word	0
 105 009c 1810     		.short	4120
 106 009e 05       		.byte	5
 107 009f 03       		.byte	3
 108 00a0 BC000000 		.word	ODObjs+188
 109 00a4 00000000 		.word	0
 110 00a8 1910     		.short	4121
 111 00aa 01       		.byte	1
 112 00ab 01       		.byte	1
 113 00ac F8000000 		.word	ODObjs+248
 114 00b0 00000000 		.word	0
 115 00b4 0012     		.short	4608
 116 00b6 03       		.byte	3
 117 00b7 03       		.byte	3
 118 00b8 04010000 		.word	ODObjs+260
 119 00bc 00000000 		.word	0
 120 00c0 8012     		.short	4736
ARM GAS  C:\Users\Lenovo\AppData\Local\Temp\ccbKwsSa.s 			page 3


 121 00c2 04       		.byte	4
 122 00c3 03       		.byte	3
 123 00c4 28010000 		.word	ODObjs+296
 124 00c8 00000000 		.word	0
 125 00cc 0014     		.short	5120
 126 00ce 04       		.byte	4
 127 00cf 03       		.byte	3
 128 00d0 58010000 		.word	ODObjs+344
 129 00d4 00000000 		.word	0
 130 00d8 0114     		.short	5121
 131 00da 04       		.byte	4
 132 00db 03       		.byte	3
 133 00dc 88010000 		.word	ODObjs+392
 134 00e0 00000000 		.word	0
 135 00e4 0214     		.short	5122
 136 00e6 04       		.byte	4
 137 00e7 03       		.byte	3
 138 00e8 B8010000 		.word	ODObjs+440
 139 00ec 00000000 		.word	0
 140 00f0 0314     		.short	5123
 141 00f2 04       		.byte	4
 142 00f3 03       		.byte	3
 143 00f4 E8010000 		.word	ODObjs+488
 144 00f8 00000000 		.word	0
 145 00fc 0016     		.short	5632
 146 00fe 09       		.byte	9
 147 00ff 03       		.byte	3
 148 0100 18020000 		.word	ODObjs+536
 149 0104 00000000 		.word	0
 150 0108 0116     		.short	5633
 151 010a 09       		.byte	9
 152 010b 03       		.byte	3
 153 010c 84020000 		.word	ODObjs+644
 154 0110 00000000 		.word	0
 155 0114 0216     		.short	5634
 156 0116 09       		.byte	9
 157 0117 03       		.byte	3
 158 0118 F0020000 		.word	ODObjs+752
 159 011c 00000000 		.word	0
 160 0120 0316     		.short	5635
 161 0122 09       		.byte	9
 162 0123 03       		.byte	3
 163 0124 5C030000 		.word	ODObjs+860
 164 0128 00000000 		.word	0
 165 012c 0018     		.short	6144
 166 012e 06       		.byte	6
 167 012f 03       		.byte	3
 168 0130 C8030000 		.word	ODObjs+968
 169 0134 00000000 		.word	0
 170 0138 0118     		.short	6145
 171 013a 06       		.byte	6
 172 013b 03       		.byte	3
 173 013c 10040000 		.word	ODObjs+1040
 174 0140 00000000 		.word	0
 175 0144 0218     		.short	6146
 176 0146 06       		.byte	6
 177 0147 03       		.byte	3
ARM GAS  C:\Users\Lenovo\AppData\Local\Temp\ccbKwsSa.s 			page 4


 178 0148 58040000 		.word	ODObjs+1112
 179 014c 00000000 		.word	0
 180 0150 0318     		.short	6147
 181 0152 06       		.byte	6
 182 0153 03       		.byte	3
 183 0154 A0040000 		.word	ODObjs+1184
 184 0158 00000000 		.word	0
 185 015c 001A     		.short	6656
 186 015e 09       		.byte	9
 187 015f 03       		.byte	3
 188 0160 E8040000 		.word	ODObjs+1256
 189 0164 00000000 		.word	0
 190 0168 011A     		.short	6657
 191 016a 09       		.byte	9
 192 016b 03       		.byte	3
 193 016c 54050000 		.word	ODObjs+1364
 194 0170 00000000 		.word	0
 195 0174 021A     		.short	6658
 196 0176 09       		.byte	9
 197 0177 03       		.byte	3
 198 0178 C0050000 		.word	ODObjs+1472
 199 017c 00000000 		.word	0
 200 0180 031A     		.short	6659
 201 0182 09       		.byte	9
 202 0183 03       		.byte	3
 203 0184 2C060000 		.word	ODObjs+1580
 204 0188 00000000 		.word	0
 205 018c 0000     		.short	0
 206 018e 00       		.byte	0
 207 018f 00       		.byte	0
 208 0190 00000000 		.word	0
 209 0194 00000000 		.word	0
 210              		.section	.rodata.ODObjs,"a"
 211              		.align	2
 214              	ODObjs:
 215 0000 00000000 		.word	OD_PERSIST_COMM
 216 0004 41       		.byte	65
 217 0005 000000   		.space	3
 218 0008 04000000 		.word	4
 219 000c 00000000 		.word	OD_RAM
 220 0010 05       		.byte	5
 221 0011 000000   		.space	3
 222 0014 01000000 		.word	1
 223 0018 00000000 		.word	0
 224 001c 00000000 		.word	0
 225 0020 03       		.byte	3
 226 0021 41       		.byte	65
 227 0022 0000     		.space	2
 228 0024 04000000 		.word	4
 229 0028 04000000 		.word	4
 230 002c 04000000 		.word	OD_PERSIST_COMM+4
 231 0030 43       		.byte	67
 232 0031 000000   		.space	3
 233 0034 04000000 		.word	4
 234 0038 08000000 		.word	OD_PERSIST_COMM+8
 235 003c 43       		.byte	67
 236 003d 000000   		.space	3
ARM GAS  C:\Users\Lenovo\AppData\Local\Temp\ccbKwsSa.s 			page 5


 237 0040 04000000 		.word	4
 238 0044 0C000000 		.word	OD_PERSIST_COMM+12
 239 0048 43       		.byte	67
 240 0049 000000   		.space	3
 241 004c 04000000 		.word	4
 242 0050 01000000 		.word	OD_RAM+1
 243 0054 04000000 		.word	OD_RAM+4
 244 0058 01       		.byte	1
 245 0059 43       		.byte	67
 246 005a 0000     		.space	2
 247 005c 04000000 		.word	4
 248 0060 04000000 		.word	4
 249 0064 14000000 		.word	OD_RAM+20
 250 0068 18000000 		.word	OD_RAM+24
 251 006c 01       		.byte	1
 252 006d 43       		.byte	67
 253 006e 0000     		.space	2
 254 0070 04000000 		.word	4
 255 0074 04000000 		.word	4
 256 0078 10000000 		.word	OD_PERSIST_COMM+16
 257 007c 43       		.byte	67
 258 007d 000000   		.space	3
 259 0080 04000000 		.word	4
 260 0084 14000000 		.word	OD_PERSIST_COMM+20
 261 0088 43       		.byte	67
 262 0089 000000   		.space	3
 263 008c 04000000 		.word	4
 264 0090 18000000 		.word	OD_PERSIST_COMM+24
 265 0094 43       		.byte	67
 266 0095 000000   		.space	3
 267 0098 02000000 		.word	2
 268 009c 1A000000 		.word	OD_PERSIST_COMM+26
 269 00a0 1C000000 		.word	OD_PERSIST_COMM+28
 270 00a4 01       		.byte	1
 271 00a5 43       		.byte	67
 272 00a6 0000     		.space	2
 273 00a8 04000000 		.word	4
 274 00ac 04000000 		.word	4
 275 00b0 3C000000 		.word	OD_PERSIST_COMM+60
 276 00b4 43       		.byte	67
 277 00b5 000000   		.space	3
 278 00b8 02000000 		.word	2
 279 00bc 40000000 		.word	OD_PERSIST_COMM+64
 280 00c0 00       		.byte	0
 281 00c1 01       		.byte	1
 282 00c2 0000     		.space	2
 283 00c4 01000000 		.word	1
 284 00c8 44000000 		.word	OD_PERSIST_COMM+68
 285 00cc 01       		.byte	1
 286 00cd 41       		.byte	65
 287 00ce 0000     		.space	2
 288 00d0 04000000 		.word	4
 289 00d4 48000000 		.word	OD_PERSIST_COMM+72
 290 00d8 02       		.byte	2
 291 00d9 41       		.byte	65
 292 00da 0000     		.space	2
 293 00dc 04000000 		.word	4
ARM GAS  C:\Users\Lenovo\AppData\Local\Temp\ccbKwsSa.s 			page 6


 294 00e0 4C000000 		.word	OD_PERSIST_COMM+76
 295 00e4 03       		.byte	3
 296 00e5 41       		.byte	65
 297 00e6 0000     		.space	2
 298 00e8 04000000 		.word	4
 299 00ec 50000000 		.word	OD_PERSIST_COMM+80
 300 00f0 04       		.byte	4
 301 00f1 41       		.byte	65
 302 00f2 0000     		.space	2
 303 00f4 04000000 		.word	4
 304 00f8 54000000 		.word	OD_PERSIST_COMM+84
 305 00fc 03       		.byte	3
 306 00fd 000000   		.space	3
 307 0100 01000000 		.word	1
 308 0104 28000000 		.word	OD_RAM+40
 309 0108 00       		.byte	0
 310 0109 01       		.byte	1
 311 010a 0000     		.space	2
 312 010c 01000000 		.word	1
 313 0110 2C000000 		.word	OD_RAM+44
 314 0114 01       		.byte	1
 315 0115 45       		.byte	69
 316 0116 0000     		.space	2
 317 0118 04000000 		.word	4
 318 011c 30000000 		.word	OD_RAM+48
 319 0120 02       		.byte	2
 320 0121 45       		.byte	69
 321 0122 0000     		.space	2
 322 0124 04000000 		.word	4
 323 0128 58000000 		.word	OD_PERSIST_COMM+88
 324 012c 00       		.byte	0
 325 012d 01       		.byte	1
 326 012e 0000     		.space	2
 327 0130 01000000 		.word	1
 328 0134 5C000000 		.word	OD_PERSIST_COMM+92
 329 0138 01       		.byte	1
 330 0139 4F       		.byte	79
 331 013a 0000     		.space	2
 332 013c 04000000 		.word	4
 333 0140 60000000 		.word	OD_PERSIST_COMM+96
 334 0144 02       		.byte	2
 335 0145 4F       		.byte	79
 336 0146 0000     		.space	2
 337 0148 04000000 		.word	4
 338 014c 64000000 		.word	OD_PERSIST_COMM+100
 339 0150 03       		.byte	3
 340 0151 03       		.byte	3
 341 0152 0000     		.space	2
 342 0154 01000000 		.word	1
 343 0158 68000000 		.word	OD_PERSIST_COMM+104
 344 015c 00       		.byte	0
 345 015d 01       		.byte	1
 346 015e 0000     		.space	2
 347 0160 01000000 		.word	1
 348 0164 6C000000 		.word	OD_PERSIST_COMM+108
 349 0168 01       		.byte	1
 350 0169 43       		.byte	67
ARM GAS  C:\Users\Lenovo\AppData\Local\Temp\ccbKwsSa.s 			page 7


 351 016a 0000     		.space	2
 352 016c 04000000 		.word	4
 353 0170 70000000 		.word	OD_PERSIST_COMM+112
 354 0174 02       		.byte	2
 355 0175 03       		.byte	3
 356 0176 0000     		.space	2
 357 0178 01000000 		.word	1
 358 017c 72000000 		.word	OD_PERSIST_COMM+114
 359 0180 05       		.byte	5
 360 0181 43       		.byte	67
 361 0182 0000     		.space	2
 362 0184 02000000 		.word	2
 363 0188 74000000 		.word	OD_PERSIST_COMM+116
 364 018c 00       		.byte	0
 365 018d 01       		.byte	1
 366 018e 0000     		.space	2
 367 0190 01000000 		.word	1
 368 0194 78000000 		.word	OD_PERSIST_COMM+120
 369 0198 01       		.byte	1
 370 0199 43       		.byte	67
 371 019a 0000     		.space	2
 372 019c 04000000 		.word	4
 373 01a0 7C000000 		.word	OD_PERSIST_COMM+124
 374 01a4 02       		.byte	2
 375 01a5 03       		.byte	3
 376 01a6 0000     		.space	2
 377 01a8 01000000 		.word	1
 378 01ac 7E000000 		.word	OD_PERSIST_COMM+126
 379 01b0 05       		.byte	5
 380 01b1 43       		.byte	67
 381 01b2 0000     		.space	2
 382 01b4 02000000 		.word	2
 383 01b8 80000000 		.word	OD_PERSIST_COMM+128
 384 01bc 00       		.byte	0
 385 01bd 01       		.byte	1
 386 01be 0000     		.space	2
 387 01c0 01000000 		.word	1
 388 01c4 84000000 		.word	OD_PERSIST_COMM+132
 389 01c8 01       		.byte	1
 390 01c9 43       		.byte	67
 391 01ca 0000     		.space	2
 392 01cc 04000000 		.word	4
 393 01d0 88000000 		.word	OD_PERSIST_COMM+136
 394 01d4 02       		.byte	2
 395 01d5 03       		.byte	3
 396 01d6 0000     		.space	2
 397 01d8 01000000 		.word	1
 398 01dc 8A000000 		.word	OD_PERSIST_COMM+138
 399 01e0 05       		.byte	5
 400 01e1 43       		.byte	67
 401 01e2 0000     		.space	2
 402 01e4 02000000 		.word	2
 403 01e8 8C000000 		.word	OD_PERSIST_COMM+140
 404 01ec 00       		.byte	0
 405 01ed 01       		.byte	1
 406 01ee 0000     		.space	2
 407 01f0 01000000 		.word	1
ARM GAS  C:\Users\Lenovo\AppData\Local\Temp\ccbKwsSa.s 			page 8


 408 01f4 90000000 		.word	OD_PERSIST_COMM+144
 409 01f8 01       		.byte	1
 410 01f9 43       		.byte	67
 411 01fa 0000     		.space	2
 412 01fc 04000000 		.word	4
 413 0200 94000000 		.word	OD_PERSIST_COMM+148
 414 0204 02       		.byte	2
 415 0205 03       		.byte	3
 416 0206 0000     		.space	2
 417 0208 01000000 		.word	1
 418 020c 96000000 		.word	OD_PERSIST_COMM+150
 419 0210 05       		.byte	5
 420 0211 43       		.byte	67
 421 0212 0000     		.space	2
 422 0214 02000000 		.word	2
 423 0218 98000000 		.word	OD_PERSIST_COMM+152
 424 021c 00       		.byte	0
 425 021d 03       		.byte	3
 426 021e 0000     		.space	2
 427 0220 01000000 		.word	1
 428 0224 9C000000 		.word	OD_PERSIST_COMM+156
 429 0228 01       		.byte	1
 430 0229 43       		.byte	67
 431 022a 0000     		.space	2
 432 022c 04000000 		.word	4
 433 0230 A0000000 		.word	OD_PERSIST_COMM+160
 434 0234 02       		.byte	2
 435 0235 43       		.byte	67
 436 0236 0000     		.space	2
 437 0238 04000000 		.word	4
 438 023c A4000000 		.word	OD_PERSIST_COMM+164
 439 0240 03       		.byte	3
 440 0241 43       		.byte	67
 441 0242 0000     		.space	2
 442 0244 04000000 		.word	4
 443 0248 A8000000 		.word	OD_PERSIST_COMM+168
 444 024c 04       		.byte	4
 445 024d 43       		.byte	67
 446 024e 0000     		.space	2
 447 0250 04000000 		.word	4
 448 0254 AC000000 		.word	OD_PERSIST_COMM+172
 449 0258 05       		.byte	5
 450 0259 43       		.byte	67
 451 025a 0000     		.space	2
 452 025c 04000000 		.word	4
 453 0260 B0000000 		.word	OD_PERSIST_COMM+176
 454 0264 06       		.byte	6
 455 0265 43       		.byte	67
 456 0266 0000     		.space	2
 457 0268 04000000 		.word	4
 458 026c B4000000 		.word	OD_PERSIST_COMM+180
 459 0270 07       		.byte	7
 460 0271 43       		.byte	67
 461 0272 0000     		.space	2
 462 0274 04000000 		.word	4
 463 0278 B8000000 		.word	OD_PERSIST_COMM+184
 464 027c 08       		.byte	8
ARM GAS  C:\Users\Lenovo\AppData\Local\Temp\ccbKwsSa.s 			page 9


 465 027d 43       		.byte	67
 466 027e 0000     		.space	2
 467 0280 04000000 		.word	4
 468 0284 BC000000 		.word	OD_PERSIST_COMM+188
 469 0288 00       		.byte	0
 470 0289 03       		.byte	3
 471 028a 0000     		.space	2
 472 028c 01000000 		.word	1
 473 0290 C0000000 		.word	OD_PERSIST_COMM+192
 474 0294 01       		.byte	1
 475 0295 43       		.byte	67
 476 0296 0000     		.space	2
 477 0298 04000000 		.word	4
 478 029c C4000000 		.word	OD_PERSIST_COMM+196
 479 02a0 02       		.byte	2
 480 02a1 43       		.byte	67
 481 02a2 0000     		.space	2
 482 02a4 04000000 		.word	4
 483 02a8 C8000000 		.word	OD_PERSIST_COMM+200
 484 02ac 03       		.byte	3
 485 02ad 43       		.byte	67
 486 02ae 0000     		.space	2
 487 02b0 04000000 		.word	4
 488 02b4 CC000000 		.word	OD_PERSIST_COMM+204
 489 02b8 04       		.byte	4
 490 02b9 43       		.byte	67
 491 02ba 0000     		.space	2
 492 02bc 04000000 		.word	4
 493 02c0 D0000000 		.word	OD_PERSIST_COMM+208
 494 02c4 05       		.byte	5
 495 02c5 43       		.byte	67
 496 02c6 0000     		.space	2
 497 02c8 04000000 		.word	4
 498 02cc D4000000 		.word	OD_PERSIST_COMM+212
 499 02d0 06       		.byte	6
 500 02d1 43       		.byte	67
 501 02d2 0000     		.space	2
 502 02d4 04000000 		.word	4
 503 02d8 D8000000 		.word	OD_PERSIST_COMM+216
 504 02dc 07       		.byte	7
 505 02dd 43       		.byte	67
 506 02de 0000     		.space	2
 507 02e0 04000000 		.word	4
 508 02e4 DC000000 		.word	OD_PERSIST_COMM+220
 509 02e8 08       		.byte	8
 510 02e9 43       		.byte	67
 511 02ea 0000     		.space	2
 512 02ec 04000000 		.word	4
 513 02f0 E0000000 		.word	OD_PERSIST_COMM+224
 514 02f4 00       		.byte	0
 515 02f5 03       		.byte	3
 516 02f6 0000     		.space	2
 517 02f8 01000000 		.word	1
 518 02fc E4000000 		.word	OD_PERSIST_COMM+228
 519 0300 01       		.byte	1
 520 0301 43       		.byte	67
 521 0302 0000     		.space	2
ARM GAS  C:\Users\Lenovo\AppData\Local\Temp\ccbKwsSa.s 			page 10


 522 0304 04000000 		.word	4
 523 0308 E8000000 		.word	OD_PERSIST_COMM+232
 524 030c 02       		.byte	2
 525 030d 43       		.byte	67
 526 030e 0000     		.space	2
 527 0310 04000000 		.word	4
 528 0314 EC000000 		.word	OD_PERSIST_COMM+236
 529 0318 03       		.byte	3
 530 0319 43       		.byte	67
 531 031a 0000     		.space	2
 532 031c 04000000 		.word	4
 533 0320 F0000000 		.word	OD_PERSIST_COMM+240
 534 0324 04       		.byte	4
 535 0325 43       		.byte	67
 536 0326 0000     		.space	2
 537 0328 04000000 		.word	4
 538 032c F4000000 		.word	OD_PERSIST_COMM+244
 539 0330 05       		.byte	5
 540 0331 43       		.byte	67
 541 0332 0000     		.space	2
 542 0334 04000000 		.word	4
 543 0338 F8000000 		.word	OD_PERSIST_COMM+248
 544 033c 06       		.byte	6
 545 033d 43       		.byte	67
 546 033e 0000     		.space	2
 547 0340 04000000 		.word	4
 548 0344 FC000000 		.word	OD_PERSIST_COMM+252
 549 0348 07       		.byte	7
 550 0349 43       		.byte	67
 551 034a 0000     		.space	2
 552 034c 04000000 		.word	4
 553 0350 00010000 		.word	OD_PERSIST_COMM+256
 554 0354 08       		.byte	8
 555 0355 43       		.byte	67
 556 0356 0000     		.space	2
 557 0358 04000000 		.word	4
 558 035c 04010000 		.word	OD_PERSIST_COMM+260
 559 0360 00       		.byte	0
 560 0361 03       		.byte	3
 561 0362 0000     		.space	2
 562 0364 01000000 		.word	1
 563 0368 08010000 		.word	OD_PERSIST_COMM+264
 564 036c 01       		.byte	1
 565 036d 43       		.byte	67
 566 036e 0000     		.space	2
 567 0370 04000000 		.word	4
 568 0374 0C010000 		.word	OD_PERSIST_COMM+268
 569 0378 02       		.byte	2
 570 0379 43       		.byte	67
 571 037a 0000     		.space	2
 572 037c 04000000 		.word	4
 573 0380 10010000 		.word	OD_PERSIST_COMM+272
 574 0384 03       		.byte	3
 575 0385 43       		.byte	67
 576 0386 0000     		.space	2
 577 0388 04000000 		.word	4
 578 038c 14010000 		.word	OD_PERSIST_COMM+276
ARM GAS  C:\Users\Lenovo\AppData\Local\Temp\ccbKwsSa.s 			page 11


 579 0390 04       		.byte	4
 580 0391 43       		.byte	67
 581 0392 0000     		.space	2
 582 0394 04000000 		.word	4
 583 0398 18010000 		.word	OD_PERSIST_COMM+280
 584 039c 05       		.byte	5
 585 039d 43       		.byte	67
 586 039e 0000     		.space	2
 587 03a0 04000000 		.word	4
 588 03a4 1C010000 		.word	OD_PERSIST_COMM+284
 589 03a8 06       		.byte	6
 590 03a9 43       		.byte	67
 591 03aa 0000     		.space	2
 592 03ac 04000000 		.word	4
 593 03b0 20010000 		.word	OD_PERSIST_COMM+288
 594 03b4 07       		.byte	7
 595 03b5 43       		.byte	67
 596 03b6 0000     		.space	2
 597 03b8 04000000 		.word	4
 598 03bc 24010000 		.word	OD_PERSIST_COMM+292
 599 03c0 08       		.byte	8
 600 03c1 43       		.byte	67
 601 03c2 0000     		.space	2
 602 03c4 04000000 		.word	4
 603 03c8 28010000 		.word	OD_PERSIST_COMM+296
 604 03cc 00       		.byte	0
 605 03cd 01       		.byte	1
 606 03ce 0000     		.space	2
 607 03d0 01000000 		.word	1
 608 03d4 2C010000 		.word	OD_PERSIST_COMM+300
 609 03d8 01       		.byte	1
 610 03d9 43       		.byte	67
 611 03da 0000     		.space	2
 612 03dc 04000000 		.word	4
 613 03e0 30010000 		.word	OD_PERSIST_COMM+304
 614 03e4 02       		.byte	2
 615 03e5 03       		.byte	3
 616 03e6 0000     		.space	2
 617 03e8 01000000 		.word	1
 618 03ec 32010000 		.word	OD_PERSIST_COMM+306
 619 03f0 03       		.byte	3
 620 03f1 43       		.byte	67
 621 03f2 0000     		.space	2
 622 03f4 02000000 		.word	2
 623 03f8 34010000 		.word	OD_PERSIST_COMM+308
 624 03fc 05       		.byte	5
 625 03fd 43       		.byte	67
 626 03fe 0000     		.space	2
 627 0400 02000000 		.word	2
 628 0404 36010000 		.word	OD_PERSIST_COMM+310
 629 0408 06       		.byte	6
 630 0409 03       		.byte	3
 631 040a 0000     		.space	2
 632 040c 01000000 		.word	1
 633 0410 38010000 		.word	OD_PERSIST_COMM+312
 634 0414 00       		.byte	0
 635 0415 01       		.byte	1
ARM GAS  C:\Users\Lenovo\AppData\Local\Temp\ccbKwsSa.s 			page 12


 636 0416 0000     		.space	2
 637 0418 01000000 		.word	1
 638 041c 3C010000 		.word	OD_PERSIST_COMM+316
 639 0420 01       		.byte	1
 640 0421 43       		.byte	67
 641 0422 0000     		.space	2
 642 0424 04000000 		.word	4
 643 0428 40010000 		.word	OD_PERSIST_COMM+320
 644 042c 02       		.byte	2
 645 042d 03       		.byte	3
 646 042e 0000     		.space	2
 647 0430 01000000 		.word	1
 648 0434 42010000 		.word	OD_PERSIST_COMM+322
 649 0438 03       		.byte	3
 650 0439 43       		.byte	67
 651 043a 0000     		.space	2
 652 043c 02000000 		.word	2
 653 0440 44010000 		.word	OD_PERSIST_COMM+324
 654 0444 05       		.byte	5
 655 0445 43       		.byte	67
 656 0446 0000     		.space	2
 657 0448 02000000 		.word	2
 658 044c 46010000 		.word	OD_PERSIST_COMM+326
 659 0450 06       		.byte	6
 660 0451 03       		.byte	3
 661 0452 0000     		.space	2
 662 0454 01000000 		.word	1
 663 0458 48010000 		.word	OD_PERSIST_COMM+328
 664 045c 00       		.byte	0
 665 045d 01       		.byte	1
 666 045e 0000     		.space	2
 667 0460 01000000 		.word	1
 668 0464 4C010000 		.word	OD_PERSIST_COMM+332
 669 0468 01       		.byte	1
 670 0469 43       		.byte	67
 671 046a 0000     		.space	2
 672 046c 04000000 		.word	4
 673 0470 50010000 		.word	OD_PERSIST_COMM+336
 674 0474 02       		.byte	2
 675 0475 03       		.byte	3
 676 0476 0000     		.space	2
 677 0478 01000000 		.word	1
 678 047c 52010000 		.word	OD_PERSIST_COMM+338
 679 0480 03       		.byte	3
 680 0481 43       		.byte	67
 681 0482 0000     		.space	2
 682 0484 02000000 		.word	2
 683 0488 54010000 		.word	OD_PERSIST_COMM+340
 684 048c 05       		.byte	5
 685 048d 43       		.byte	67
 686 048e 0000     		.space	2
 687 0490 02000000 		.word	2
 688 0494 56010000 		.word	OD_PERSIST_COMM+342
 689 0498 06       		.byte	6
 690 0499 03       		.byte	3
 691 049a 0000     		.space	2
 692 049c 01000000 		.word	1
ARM GAS  C:\Users\Lenovo\AppData\Local\Temp\ccbKwsSa.s 			page 13


 693 04a0 58010000 		.word	OD_PERSIST_COMM+344
 694 04a4 00       		.byte	0
 695 04a5 01       		.byte	1
 696 04a6 0000     		.space	2
 697 04a8 01000000 		.word	1
 698 04ac 5C010000 		.word	OD_PERSIST_COMM+348
 699 04b0 01       		.byte	1
 700 04b1 43       		.byte	67
 701 04b2 0000     		.space	2
 702 04b4 04000000 		.word	4
 703 04b8 60010000 		.word	OD_PERSIST_COMM+352
 704 04bc 02       		.byte	2
 705 04bd 03       		.byte	3
 706 04be 0000     		.space	2
 707 04c0 01000000 		.word	1
 708 04c4 62010000 		.word	OD_PERSIST_COMM+354
 709 04c8 03       		.byte	3
 710 04c9 43       		.byte	67
 711 04ca 0000     		.space	2
 712 04cc 02000000 		.word	2
 713 04d0 64010000 		.word	OD_PERSIST_COMM+356
 714 04d4 05       		.byte	5
 715 04d5 43       		.byte	67
 716 04d6 0000     		.space	2
 717 04d8 02000000 		.word	2
 718 04dc 66010000 		.word	OD_PERSIST_COMM+358
 719 04e0 06       		.byte	6
 720 04e1 03       		.byte	3
 721 04e2 0000     		.space	2
 722 04e4 01000000 		.word	1
 723 04e8 68010000 		.word	OD_PERSIST_COMM+360
 724 04ec 00       		.byte	0
 725 04ed 03       		.byte	3
 726 04ee 0000     		.space	2
 727 04f0 01000000 		.word	1
 728 04f4 6C010000 		.word	OD_PERSIST_COMM+364
 729 04f8 01       		.byte	1
 730 04f9 43       		.byte	67
 731 04fa 0000     		.space	2
 732 04fc 04000000 		.word	4
 733 0500 70010000 		.word	OD_PERSIST_COMM+368
 734 0504 02       		.byte	2
 735 0505 43       		.byte	67
 736 0506 0000     		.space	2
 737 0508 04000000 		.word	4
 738 050c 74010000 		.word	OD_PERSIST_COMM+372
 739 0510 03       		.byte	3
 740 0511 43       		.byte	67
 741 0512 0000     		.space	2
 742 0514 04000000 		.word	4
 743 0518 78010000 		.word	OD_PERSIST_COMM+376
 744 051c 04       		.byte	4
 745 051d 43       		.byte	67
 746 051e 0000     		.space	2
 747 0520 04000000 		.word	4
 748 0524 7C010000 		.word	OD_PERSIST_COMM+380
 749 0528 05       		.byte	5
ARM GAS  C:\Users\Lenovo\AppData\Local\Temp\ccbKwsSa.s 			page 14


 750 0529 43       		.byte	67
 751 052a 0000     		.space	2
 752 052c 04000000 		.word	4
 753 0530 80010000 		.word	OD_PERSIST_COMM+384
 754 0534 06       		.byte	6
 755 0535 43       		.byte	67
 756 0536 0000     		.space	2
 757 0538 04000000 		.word	4
 758 053c 84010000 		.word	OD_PERSIST_COMM+388
 759 0540 07       		.byte	7
 760 0541 43       		.byte	67
 761 0542 0000     		.space	2
 762 0544 04000000 		.word	4
 763 0548 88010000 		.word	OD_PERSIST_COMM+392
 764 054c 08       		.byte	8
 765 054d 43       		.byte	67
 766 054e 0000     		.space	2
 767 0550 04000000 		.word	4
 768 0554 8C010000 		.word	OD_PERSIST_COMM+396
 769 0558 00       		.byte	0
 770 0559 03       		.byte	3
 771 055a 0000     		.space	2
 772 055c 01000000 		.word	1
 773 0560 90010000 		.word	OD_PERSIST_COMM+400
 774 0564 01       		.byte	1
 775 0565 43       		.byte	67
 776 0566 0000     		.space	2
 777 0568 04000000 		.word	4
 778 056c 94010000 		.word	OD_PERSIST_COMM+404
 779 0570 02       		.byte	2
 780 0571 43       		.byte	67
 781 0572 0000     		.space	2
 782 0574 04000000 		.word	4
 783 0578 98010000 		.word	OD_PERSIST_COMM+408
 784 057c 03       		.byte	3
 785 057d 43       		.byte	67
 786 057e 0000     		.space	2
 787 0580 04000000 		.word	4
 788 0584 9C010000 		.word	OD_PERSIST_COMM+412
 789 0588 04       		.byte	4
 790 0589 43       		.byte	67
 791 058a 0000     		.space	2
 792 058c 04000000 		.word	4
 793 0590 A0010000 		.word	OD_PERSIST_COMM+416
 794 0594 05       		.byte	5
 795 0595 43       		.byte	67
 796 0596 0000     		.space	2
 797 0598 04000000 		.word	4
 798 059c A4010000 		.word	OD_PERSIST_COMM+420
 799 05a0 06       		.byte	6
 800 05a1 43       		.byte	67
 801 05a2 0000     		.space	2
 802 05a4 04000000 		.word	4
 803 05a8 A8010000 		.word	OD_PERSIST_COMM+424
 804 05ac 07       		.byte	7
 805 05ad 43       		.byte	67
 806 05ae 0000     		.space	2
ARM GAS  C:\Users\Lenovo\AppData\Local\Temp\ccbKwsSa.s 			page 15


 807 05b0 04000000 		.word	4
 808 05b4 AC010000 		.word	OD_PERSIST_COMM+428
 809 05b8 08       		.byte	8
 810 05b9 43       		.byte	67
 811 05ba 0000     		.space	2
 812 05bc 04000000 		.word	4
 813 05c0 B0010000 		.word	OD_PERSIST_COMM+432
 814 05c4 00       		.byte	0
 815 05c5 03       		.byte	3
 816 05c6 0000     		.space	2
 817 05c8 01000000 		.word	1
 818 05cc B4010000 		.word	OD_PERSIST_COMM+436
 819 05d0 01       		.byte	1
 820 05d1 43       		.byte	67
 821 05d2 0000     		.space	2
 822 05d4 04000000 		.word	4
 823 05d8 B8010000 		.word	OD_PERSIST_COMM+440
 824 05dc 02       		.byte	2
 825 05dd 43       		.byte	67
 826 05de 0000     		.space	2
 827 05e0 04000000 		.word	4
 828 05e4 BC010000 		.word	OD_PERSIST_COMM+444
 829 05e8 03       		.byte	3
 830 05e9 43       		.byte	67
 831 05ea 0000     		.space	2
 832 05ec 04000000 		.word	4
 833 05f0 C0010000 		.word	OD_PERSIST_COMM+448
 834 05f4 04       		.byte	4
 835 05f5 43       		.byte	67
 836 05f6 0000     		.space	2
 837 05f8 04000000 		.word	4
 838 05fc C4010000 		.word	OD_PERSIST_COMM+452
 839 0600 05       		.byte	5
 840 0601 43       		.byte	67
 841 0602 0000     		.space	2
 842 0604 04000000 		.word	4
 843 0608 C8010000 		.word	OD_PERSIST_COMM+456
 844 060c 06       		.byte	6
 845 060d 43       		.byte	67
 846 060e 0000     		.space	2
 847 0610 04000000 		.word	4
 848 0614 CC010000 		.word	OD_PERSIST_COMM+460
 849 0618 07       		.byte	7
 850 0619 43       		.byte	67
 851 061a 0000     		.space	2
 852 061c 04000000 		.word	4
 853 0620 D0010000 		.word	OD_PERSIST_COMM+464
 854 0624 08       		.byte	8
 855 0625 43       		.byte	67
 856 0626 0000     		.space	2
 857 0628 04000000 		.word	4
 858 062c D4010000 		.word	OD_PERSIST_COMM+468
 859 0630 00       		.byte	0
 860 0631 03       		.byte	3
 861 0632 0000     		.space	2
 862 0634 01000000 		.word	1
 863 0638 D8010000 		.word	OD_PERSIST_COMM+472
ARM GAS  C:\Users\Lenovo\AppData\Local\Temp\ccbKwsSa.s 			page 16


 864 063c 01       		.byte	1
 865 063d 43       		.byte	67
 866 063e 0000     		.space	2
 867 0640 04000000 		.word	4
 868 0644 DC010000 		.word	OD_PERSIST_COMM+476
 869 0648 02       		.byte	2
 870 0649 43       		.byte	67
 871 064a 0000     		.space	2
 872 064c 04000000 		.word	4
 873 0650 E0010000 		.word	OD_PERSIST_COMM+480
 874 0654 03       		.byte	3
 875 0655 43       		.byte	67
 876 0656 0000     		.space	2
 877 0658 04000000 		.word	4
 878 065c E4010000 		.word	OD_PERSIST_COMM+484
 879 0660 04       		.byte	4
 880 0661 43       		.byte	67
 881 0662 0000     		.space	2
 882 0664 04000000 		.word	4
 883 0668 E8010000 		.word	OD_PERSIST_COMM+488
 884 066c 05       		.byte	5
 885 066d 43       		.byte	67
 886 066e 0000     		.space	2
 887 0670 04000000 		.word	4
 888 0674 EC010000 		.word	OD_PERSIST_COMM+492
 889 0678 06       		.byte	6
 890 0679 43       		.byte	67
 891 067a 0000     		.space	2
 892 067c 04000000 		.word	4
 893 0680 F0010000 		.word	OD_PERSIST_COMM+496
 894 0684 07       		.byte	7
 895 0685 43       		.byte	67
 896 0686 0000     		.space	2
 897 0688 04000000 		.word	4
 898 068c F4010000 		.word	OD_PERSIST_COMM+500
 899 0690 08       		.byte	8
 900 0691 43       		.byte	67
 901 0692 0000     		.space	2
 902 0694 04000000 		.word	4
 903              		.global	OD_RAM
 904              		.section	.data.OD_RAM,"aw"
 905              		.align	2
 908              	OD_RAM:
 909 0000 00       		.byte	0
 910 0001 04       		.byte	4
 911 0002 0000     		.space	2
 912 0004 01000000 		.word	1
 913 0008 01000000 		.word	1
 914 000c 01000000 		.word	1
 915 0010 01000000 		.word	1
 916 0014 04       		.byte	4
 917 0015 000000   		.space	3
 918 0018 01000000 		.word	1
 919 001c 01000000 		.word	1
 920 0020 01000000 		.word	1
 921 0024 01000000 		.word	1
 922 0028 02       		.byte	2
ARM GAS  C:\Users\Lenovo\AppData\Local\Temp\ccbKwsSa.s 			page 17


 923 0029 000000   		.space	3
 924 002c 00060000 		.word	1536
 925 0030 80050000 		.word	1408
 926              		.global	OD_PERSIST_COMM
 927              		.section	.data.OD_PERSIST_COMM,"aw"
 928              		.align	2
 931              	OD_PERSIST_COMM:
 932 0000 00000000 		.word	0
 933 0004 80000000 		.word	128
 934 0008 00000000 		.word	0
 935 000c 00000000 		.word	0
 936 0010 00010000 		.word	256
 937 0014 80000000 		.word	128
 938 0018 0000     		.short	0
 939 001a 08       		.byte	8
 940 001b 00       		.space	1
 941 001c 00000000 		.word	0
 942 0020 00000000 		.word	0
 943 0024 00000000 		.word	0
 944 0028 00000000 		.word	0
 945 002c 00000000 		.word	0
 946 0030 00000000 		.word	0
 947 0034 00000000 		.word	0
 948 0038 00000000 		.word	0
 949 003c 0000     		.short	0
 950 003e 0000     		.space	2
 951 0040 04       		.byte	4
 952 0041 000000   		.space	3
 953 0044 00000000 		.word	0
 954 0048 00000000 		.word	0
 955 004c 00000000 		.word	0
 956 0050 00000000 		.word	0
 957 0054 00       		.byte	0
 958 0055 000000   		.space	3
 959 0058 03       		.byte	3
 960 0059 000000   		.space	3
 961 005c 00000080 		.word	-2147483648
 962 0060 00000080 		.word	-2147483648
 963 0064 01       		.byte	1
 964 0065 000000   		.space	3
 965 0068 05       		.byte	5
 966 0069 000000   		.space	3
 967 006c 00020080 		.word	-2147483136
 968 0070 FE       		.byte	-2
 969 0071 00       		.space	1
 970 0072 0000     		.short	0
 971 0074 05       		.byte	5
 972 0075 000000   		.space	3
 973 0078 00030080 		.word	-2147482880
 974 007c FE       		.byte	-2
 975 007d 00       		.space	1
 976 007e 0000     		.short	0
 977 0080 05       		.byte	5
 978 0081 000000   		.space	3
 979 0084 00040080 		.word	-2147482624
 980 0088 FE       		.byte	-2
 981 0089 00       		.space	1
ARM GAS  C:\Users\Lenovo\AppData\Local\Temp\ccbKwsSa.s 			page 18


 982 008a 0000     		.short	0
 983 008c 05       		.byte	5
 984 008d 000000   		.space	3
 985 0090 00050080 		.word	-2147482368
 986 0094 FE       		.byte	-2
 987 0095 00       		.space	1
 988 0096 0000     		.short	0
 989 0098 00       		.byte	0
 990 0099 000000   		.space	3
 991 009c 00000000 		.word	0
 992 00a0 00000000 		.word	0
 993 00a4 00000000 		.word	0
 994 00a8 00000000 		.word	0
 995 00ac 00000000 		.word	0
 996 00b0 00000000 		.word	0
 997 00b4 00000000 		.word	0
 998 00b8 00000000 		.word	0
 999 00bc 00       		.byte	0
 1000 00bd 000000   		.space	3
 1001 00c0 00000000 		.word	0
 1002 00c4 00000000 		.word	0
 1003 00c8 00000000 		.word	0
 1004 00cc 00000000 		.word	0
 1005 00d0 00000000 		.word	0
 1006 00d4 00000000 		.word	0
 1007 00d8 00000000 		.word	0
 1008 00dc 00000000 		.word	0
 1009 00e0 00       		.byte	0
 1010 00e1 000000   		.space	3
 1011 00e4 00000000 		.word	0
 1012 00e8 00000000 		.word	0
 1013 00ec 00000000 		.word	0
 1014 00f0 00000000 		.word	0
 1015 00f4 00000000 		.word	0
 1016 00f8 00000000 		.word	0
 1017 00fc 00000000 		.word	0
 1018 0100 00000000 		.word	0
 1019 0104 00       		.byte	0
 1020 0105 000000   		.space	3
 1021 0108 00000000 		.word	0
 1022 010c 00000000 		.word	0
 1023 0110 00000000 		.word	0
 1024 0114 00000000 		.word	0
 1025 0118 00000000 		.word	0
 1026 011c 00000000 		.word	0
 1027 0120 00000000 		.word	0
 1028 0124 00000000 		.word	0
 1029 0128 06       		.byte	6
 1030 0129 000000   		.space	3
 1031 012c 800100C0 		.word	-1073741440
 1032 0130 FE       		.byte	-2
 1033 0131 00       		.space	1
 1034 0132 0000     		.short	0
 1035 0134 0000     		.short	0
 1036 0136 00       		.byte	0
 1037 0137 00       		.space	1
 1038 0138 06       		.byte	6
ARM GAS  C:\Users\Lenovo\AppData\Local\Temp\ccbKwsSa.s 			page 19


 1039 0139 000000   		.space	3
 1040 013c 800200C0 		.word	-1073741184
 1041 0140 FE       		.byte	-2
 1042 0141 00       		.space	1
 1043 0142 0000     		.short	0
 1044 0144 0000     		.short	0
 1045 0146 00       		.byte	0
 1046 0147 00       		.space	1
 1047 0148 06       		.byte	6
 1048 0149 000000   		.space	3
 1049 014c 800300C0 		.word	-1073740928
 1050 0150 FE       		.byte	-2
 1051 0151 00       		.space	1
 1052 0152 0000     		.short	0
 1053 0154 0000     		.short	0
 1054 0156 00       		.byte	0
 1055 0157 00       		.space	1
 1056 0158 06       		.byte	6
 1057 0159 000000   		.space	3
 1058 015c 800400C0 		.word	-1073740672
 1059 0160 FE       		.byte	-2
 1060 0161 00       		.space	1
 1061 0162 0000     		.short	0
 1062 0164 0000     		.short	0
 1063 0166 00       		.byte	0
 1064 0167 00       		.space	1
 1065 0168 00       		.byte	0
 1066 0169 000000   		.space	3
 1067 016c 00000000 		.word	0
 1068 0170 00000000 		.word	0
 1069 0174 00000000 		.word	0
 1070 0178 00000000 		.word	0
 1071 017c 00000000 		.word	0
 1072 0180 00000000 		.word	0
 1073 0184 00000000 		.word	0
 1074 0188 00000000 		.word	0
 1075 018c 00       		.byte	0
 1076 018d 000000   		.space	3
 1077 0190 00000000 		.word	0
 1078 0194 00000000 		.word	0
 1079 0198 00000000 		.word	0
 1080 019c 00000000 		.word	0
 1081 01a0 00000000 		.word	0
 1082 01a4 00000000 		.word	0
 1083 01a8 00000000 		.word	0
 1084 01ac 00000000 		.word	0
 1085 01b0 00       		.byte	0
 1086 01b1 000000   		.space	3
 1087 01b4 00000000 		.word	0
 1088 01b8 00000000 		.word	0
 1089 01bc 00000000 		.word	0
 1090 01c0 00000000 		.word	0
 1091 01c4 00000000 		.word	0
 1092 01c8 00000000 		.word	0
 1093 01cc 00000000 		.word	0
 1094 01d0 00000000 		.word	0
 1095 01d4 00       		.byte	0
ARM GAS  C:\Users\Lenovo\AppData\Local\Temp\ccbKwsSa.s 			page 20


 1096 01d5 000000   		.space	3
 1097 01d8 00000000 		.word	0
 1098 01dc 00000000 		.word	0
 1099 01e0 00000000 		.word	0
 1100 01e4 00000000 		.word	0
 1101 01e8 00000000 		.word	0
 1102 01ec 00000000 		.word	0
 1103 01f0 00000000 		.word	0
 1104 01f4 00000000 		.word	0
 1105              		.text
 1106              	.Letext0:
 1107              		.file 2 "D:\\vscode\\stm32cubecltv122\\stm32cubeclt_1.22.0-Win-x86_64.exe\\anzhuang\\STM32CubeCLT_
 1108              		.file 3 "D:\\vscode\\stm32cubecltv122\\stm32cubeclt_1.22.0-Win-x86_64.exe\\anzhuang\\STM32CubeCLT_
 1109              		.file 4 "CANopen/301/CO_ODinterface.h"
 1110              		.file 5 "CANopen/example/OD.h"
ARM GAS  C:\Users\Lenovo\AppData\Local\Temp\ccbKwsSa.s 			page 21


DEFINED SYMBOLS
                            *ABS*:00000000 OD.c
C:\Users\Lenovo\AppData\Local\Temp\ccbKwsSa.s:25     .data.OD:00000000 OD
C:\Users\Lenovo\AppData\Local\Temp\ccbKwsSa.s:22     .data.OD:00000000 $d
C:\Users\Lenovo\AppData\Local\Temp\ccbKwsSa.s:31     .data._OD:00000000 _OD
C:\Users\Lenovo\AppData\Local\Temp\ccbKwsSa.s:28     .data._OD:00000000 $d
C:\Users\Lenovo\AppData\Local\Temp\ccbKwsSa.s:39     .data.ODList:00000000 ODList
C:\Users\Lenovo\AppData\Local\Temp\ccbKwsSa.s:36     .data.ODList:00000000 $d
C:\Users\Lenovo\AppData\Local\Temp\ccbKwsSa.s:214    .rodata.ODObjs:00000000 ODObjs
C:\Users\Lenovo\AppData\Local\Temp\ccbKwsSa.s:211    .rodata.ODObjs:00000000 $d
C:\Users\Lenovo\AppData\Local\Temp\ccbKwsSa.s:931    .data.OD_PERSIST_COMM:00000000 OD_PERSIST_COMM
C:\Users\Lenovo\AppData\Local\Temp\ccbKwsSa.s:908    .data.OD_RAM:00000000 OD_RAM
C:\Users\Lenovo\AppData\Local\Temp\ccbKwsSa.s:905    .data.OD_RAM:00000000 $d
C:\Users\Lenovo\AppData\Local\Temp\ccbKwsSa.s:928    .data.OD_PERSIST_COMM:00000000 $d
                           .group:00000000 wm4.0.35f3e76e42575b99374c7d5ae37ca977
                           .group:00000000 wm4._newlib_version.h.4.0eb654b64686e2bd29646258853f6c22
                           .group:00000000 wm4.newlib.h.27.b904f6f8971bd921b436e5701877de32
                           .group:00000000 wm4.ieeefp.h.77.61a77db5804869b1dadd307a77cf78c9
                           .group:00000000 wm4.features.h.22.4b93ad64e0d80833c46a20ecae380bb0
                           .group:00000000 wm4.config.h.224.10ee1ad185d877c6e334e6581faab44d
                           .group:00000000 wm4._ansi.h.31.de524f58584151836e90d8620a16f8e8
                           .group:00000000 wm4.stddef.h.39.811583f327f35b0df7808fda70b062a0
                           .group:00000000 wm4._default_types.h.6.959254cf5f09734ea7516c89e8bb21bd
                           .group:00000000 wm4.cdefs.h.49.56fd742369e655e7e8a7e365e706e208
                           .group:00000000 wm4._types.h.20.dd0d04dca3800a0d2a6129b87f3adbb2
                           .group:00000000 wm4.stddef.h.173.4903093a50a8482cb062b176ea61fac3
                           .group:00000000 wm4._types.h.127.3bdfe3ff8ea2d0985b03d9cbe93480e3
                           .group:00000000 wm4.reent.h.18.25503cdc8b7e55dd0d6ea7b3e5af7a03
                           .group:00000000 wm4.lock.h.2.1461d1fff82dffe8bfddc23307f6484f
                           .group:00000000 wm4.reent.h.78.6d702f69a6d6435d2dbe915b10150b1a
                           .group:00000000 wm4.string.h.15.dab3980bf35408a4c507182805e2de3a
                           .group:00000000 wm4.stddef.h.173.1cea4f16a943c8e875db6791959c3141
                           .group:00000000 wm4.string.h.177.59a005921fa78485abc80a0267de5752
                           .group:00000000 wm4.CO_config.h.22.452d50582397b0b53966b3c1806ccf35
                           .group:00000000 wm4.stdbool.h.29.c08aa3eec75cf5b9b5003883f43253f0
                           .group:00000000 wm4._intsup.h.10.48bafbb683905c4daa4565a85aeeb264
                           .group:00000000 wm4._stdint.h.10.c24fa3af3bc1706662bb5593a907e841
                           .group:00000000 wm4.stdint.h.23.d53047a68f4a85177f80b422d52785ed
                           .group:00000000 wm4.CO_driver_target.h.41.ddd9ad301db6ca3aeb9eb6b4ba80bd58
                           .group:00000000 wm4.CO_driver.h.35.ff7c66b5b3baf7d65aef1dd87f3079c4
                           .group:00000000 wm4.CO_ODinterface.h.45.a35dbb7f13cf9ebdb05520f95fc946d0
                           .group:00000000 wm4.OD.h.32.cb53bcf6e2991777c436db3b788f3feb

NO UNDEFINED SYMBOLS
